91.251.165.118 - - [22/Jan/2019:03:59:05 +0330] "GET /image/231/brand HTTP/1.1" 200 2568 "https://www.zanbil.ir/m/filter/p2597?page=1" "Mozilla/5.0 (iPhone; CPU iPhone OS 12_1_2 like Mac OS X) AppleWebKit/605.1.15 (KHTML, like Gecko) Version/12.0 Mobile/15E148 Safari/604.1" "-"
91.251.165.118 - - [22/Jan/2019:03:59:05 +0330] "GET /image/168/brand HTTP/1.1" 200 2398 "https://www.zanbil.ir/m/filter/p2597?page=1" "Mozilla/5.0 (iPhone; CPU iPhone OS 12_1_2 like Mac OS X) AppleWebKit/605.1.15 (KHTML, like Gecko) Version/12.0 Mobile/15E148 Safari/604.1" "-"
91.251.165.118 - - [22/Jan/2019:03:59:05 +0330] "GET /image/423/productTypeType HTTP/1.1" 200 11263 "https://www.zanbil.ir/m/filter/p2597?page=1" "Mozilla/5.0 (iPhone; CPU iPhone OS 12_1_2 like Mac OS X) AppleWebKit/605.1.15 (KHTML, like Gecko) Version/12.0 Mobile/15E148 Safari/604.1" "-"
91.251.165.118 - - [22/Jan/2019:03:59:05 +0330] "GET /favicon.ico HTTP/1.1" 200 0 "https://www.zanbil.ir/m/filter/p2597?page=1" "Mozilla/5.0 (iPhone; CPU iPhone OS 12_1_2 like Mac OS X) AppleWebKit/605.1.15 (KHTML, like Gecko) Version/12.0 Mobile/15E148 Safari/604.1" "-"
91.251.165.118 - - [22/Jan/2019:03:59:05 +0330] "GET /image/424/productTypeType HTTP/1.1" 200 11369 "https://www.zanbil.ir/m/filter/p2597?page=1" "Mozilla/5.0 (iPhone; CPU iPhone OS 12_1_2 like Mac OS X) AppleWebKit/605.1.15 (KHTML, like Gecko) Version/12.0 Mobile/15E148 Safari/604.1" "-"
66.111.54.249 - - [22/Jan/2019:03:59:05 +0330] "GET /discountLabel/get/3?type=mobileSmallIcon HTTP/1.1" 200 4336 "https://www.zanbil.ir/m/filter/p3?page=2" "Mozilla/5.0 (Linux; Android 5.0; SM-G900H Build/LRX21T) AppleWebKit/537.36 (KHTML, like Gecko) Chrome/39.0.2171.93 Mobile Safari/537.36" "-"
66.249.66.194 - - [22/Jan/2019:03:59:05 +0330] "GET /m/filter/b105,b113,b118,b126,b135,b136,b152,b168,b188,b192,b194,b213,b215,b216,b217,b218,b221,b226,b249,b258,b32,b35,b400,b41,b435,b442,b454,b482,b523,b542,b548,b574,b597,b598,b6,b645,b648,b656,b67,b679,b703,b723,b724,b74,b820,b854,b88,b880,b95,b99,stexists HTTP/1.1" 200 26528 "-" "Mozilla/5.0 (Linux; Android 6.0.1; Nexus 5X Build/MMB29P) AppleWebKit/537.36 (KHTML, like Gecko) Chrome/41.0.2272.96 Mobile Safari/537.36 (compatible; Googlebot/2.1; +http://www.google.com/bot.html)" "-"
66.249.66.194 - - [22/Jan/2019:03:59:05 +0330] "GET /m/filter/b103,b105,b113,b126,b135,b136,b143,b148,b151,b152,b183,b185,b186,b188,b19,b194,b198,b20,b202,b209,b212,b219,b22,b221,b226,b236,b238,b249,b270,b308,b35,b4,b400,b42,b43,b454,b481,b485,b497,b523,b546,b568,b570,b584,b596,b597,b6,b613,b647,b651,b701,b703,b723,b724,b74,b778,b80,b861,b877,b88,b880,b883,b890,b900,b903,b99 HTTP/1.1" 200 27852 "-" "Mozilla/5.0 (Linux; Android 6.0.1; Nexus 5X Build/MMB29P) AppleWebKit/537.36 (KHTML, like Gecko) Chrome/41.0.2272.96 Mobile Safari/537.36 (compatible; Googlebot/2.1; +http://www.google.com/bot.html)" "-"
66.249.66.195 - - [22/Jan/2019:03:59:05 +0330] "GET /search?f=p0&phrase=%D8%A7%D8%AA%D9%88+%D9%85%D8%B3%D8%A7%D9%81%D8%B1%D8%AA%DB%8C HTTP/1.1" 301 178 "-" "Mozilla/5.0 (compatible; Googlebot/2.1; +http://www.google.com/bot.html)" "-"
207.46.13.104 - - [22/Jan/2019:03:59:05 +0330] "GET /filter/b281%2Cb80 HTTP/1.1" 200 36663 "-" "Mozilla/5.0 (compatible; bingbot/2.0; +http://www.bing.com/bingbot.htm)" "-"
5.115.54.117 - - [22/Jan/2019:03:59:06 +0330] "GET /m/browse/fryer/%D8%B3%D8%B1%D8%AE-%DA%A9%D9%86 HTTP/1.1" 200 19070 "https://www.google.com/search?q=%D8%B3%D8%B1%D8%AE+%DA%A9%D9%86&ie=utf-8&oe=utf-8&client=firefox-b" "Mozilla/5.0 (Android 8.0.0; Mobile; rv:62.0) Gecko/62.0 Firefox/62.0" "-"
66.111.54.249 - - [22/Jan/2019:03:59:06 +0330] "GET /image/56504/productModel/200x200 HTTP/1.1" 200 2967 "https://www.zanbil.ir/m/filter/p3?page=2" "Mozilla/5.0 (Linux; Android 5.0; SM-G900H Build/LRX21T) AppleWebKit/537.36 (KHTML, like Gecko) Chrome/39.0.2171.93 Mobile Safari/537.36" "-"
91.251.165.118 - - [22/Jan/2019:03:59:06 +0330] "GET /image/56893/productModel/200x200 HTTP/1.1" 200 3818 "https://www.zanbil.ir/m/filter/p2597?page=1" "Mozilla/5.0 (iPhone; CPU iPhone OS 12_1_2 like Mac OS X) AppleWebKit/605.1.15 (KHTML, like Gecko) Version/12.0 Mobile/15E148 Safari/604.1" "-"
91.251.165.118 - - [22/Jan/2019:03:59:06 +0330] "GET /image/57070/productModel/200x200 HTTP/1.1" 200 2894 "https://www.zanbil.ir/m/filter/p2597?page=1" "Mozilla/5.0 (iPhone; CPU iPhone OS 12_1_2 like Mac OS X) AppleWebKit/605.1.15 (KHTML, like Gecko) Version/12.0 Mobile/15E148 Safari/604.1" "-"
91.251.165.118 - - [22/Jan/2019:03:59:06 +0330] "GET /image/57072/productModel/200x200 HTTP/1.1" 200 3263 "https://www.zanbil.ir/m/filter/p2597?page=1" "Mozilla/5.0 (iPhone; CPU iPhone OS 12_1_2 like Mac OS X) AppleWebKit/605.1.15 (KHTML, like Gecko) Version/12.0 Mobile/15E148 Safari/604.1" "-"
66.111.54.249 - - [22/Jan/2019:03:59:06 +0330] "GET /image/64841/productModel/200x200 HTTP/1.1" 200 2555 "https://www.zanbil.ir/m/filter/p3?page=2" "Mozilla/5.0 (Linux; Android 5.0; SM-G900H Build/LRX21T) AppleWebKit/537.36 (KHTML, like Gecko) Chrome/39.0.2171.93 Mobile Safari/537.36" "-"
66.111.54.249 - - [22/Jan/2019:03:59:06 +0330] "GET /image/64549/productModel/200x200 HTTP/1.1" 200 2640 "https://www.zanbil.ir/m/filter/p3?page=2" "Mozilla/5.0 (Linux; Android 5.0; SM-G900H Build/LRX21T) AppleWebKit/537.36 (KHTML, like Gecko) Chrome/39.0.2171.93 Mobile Safari/537.36" "-"
66.111.54.249 - - [22/Jan/2019:03:59:06 +0330] "GET /image/65319/productModel/200x200 HTTP/1.1" 200 2847 "https://www.zanbil.ir/m/filter/p3?page=2" "Mozilla/5.0 (Linux; Android 5.0; SM-G900H Build/LRX21T) AppleWebKit/537.36 (KHTML, like Gecko) Chrome/39.0.2171.93 Mobile Safari/537.36" "-"
91.251.165.118 - - [22/Jan/2019:03:59:06 +0330] "GET /image/56983/productModel/200x200 HTTP/1.1" 200 3285 "https://www.zanbil.ir/m/filter/p2597?page=1" "Mozilla/5.0 (iPhone; CPU iPhone OS 12_1_2 like Mac OS X) AppleWebKit/605.1.15 (KHTML, like Gecko) Version/12.0 Mobile/15E148 Safari/604.1" "-"
66.111.54.249 - - [22/Jan/2019:03:59:06 +0330] "GET /image/60744/productModel/200x200 HTTP/1.1" 200 2497 "https://www.zanbil.ir/m/filter/p3?page=2" "Mozilla/5.0 (Linux; Android 5.0; SM-G900H Build/LRX21T) AppleWebKit/537.36 (KHTML, like Gecko) Chrome/39.0.2171.93 Mobile Safari/537.36" "-"
130.185.74.243 - - [22/Jan/2019:03:59:06 +0330] "GET /filter/stexists,p8391,b80?page=6 HTTP/1.1" 200 31013 "-" "Mozilla/5.0 (Windows NT 6.1; rv:42.0) Gecko/20100101 Firefox/42.0" "-"
66.111.54.249 - - [22/Jan/2019:03:59:06 +0330] "GET /image/57603/productModel/200x200 HTTP/1.1" 200 3306 "https://www.zanbil.ir/m/filter/p3?page=2" "Mozilla/5.0 (Linux; Android 5.0; SM-G900H Build/LRX21T) AppleWebKit/537.36 (KHTML, like Gecko) Chrome/39.0.2171.93 Mobile Safari/537.36" "-"
66.111.54.249 - - [22/Jan/2019:03:59:06 +0330] "GET /image/11573/productModel/200x200 HTTP/1.1" 200 3514 "https://www.zanbil.ir/m/filter/p3?page=2" "Mozilla/5.0 (Linux; Android 5.0; SM-G900H Build/LRX21T) AppleWebKit/537.36 (KHTML, like Gecko) Chrome/39.0.2171.93 Mobile Safari/537.36" "-"
66.249.66.194 - - [22/Jan/2019:03:59:06 +0330] "GET /m/product/17764/%D8%B4%DB%8C%D8%B1-%D8%A2%D9%81%D8%AA%D8%A7%D8%A8%D9%87-KWC-%D9%85%D8%AF%D9%84-%D8%A7%D8%B1%DA%A9%DB%8C%D9%86%D9%88 HTTP/1.1" 200 20247 "-" "Mozilla/5.0 (Linux; Android 6.0.1; Nexus 5X Build/MMB29P) AppleWebKit/537.36 (KHTML, like Gecko) Chrome/41.0.2272.96 Mobile Safari/537.36 (compatible; Googlebot/2.1; +http://www.google.com/bot.html)" "-"
91.251.165.118 - - [22/Jan/2019:03:59:07 +0330] "GET /image/57082/productModel/200x200 HTTP/1.1" 200 3826 "https://www.zanbil.ir/m/filter/p2597?page=1" "Mozilla/5.0 (iPhone; CPU iPhone OS 12_1_2 like Mac OS X) AppleWebKit/605.1.15 (KHTML, like Gecko) Version/12.0 Mobile/15E148 Safari/604.1" "-"
5.115.54.117 - - [22/Jan/2019:03:59:07 +0330] "GET /static/css/font/wyekan/font.woff HTTP/1.1" 200 28536 "https://www.zanbil.ir/m/browse/fryer/%D8%B3%D8%B1%D8%AE-%DA%A9%D9%86" "Mozilla/5.0 (Android 8.0.0; Mobile; rv:62.0) Gecko/62.0 Firefox/62.0" "-"
91.251.165.118 - - [22/Jan/2019:03:59:07 +0330] "GET /image/61911/productModel/200x200 HTTP/1.1" 200 3781 "https://www.zanbil.ir/m/filter/p2597?page=1" "Mozilla/5.0 (iPhone; CPU iPhone OS 12_1_2 like Mac OS X) AppleWebKit/605.1.15 (KHTML, like Gecko) Version/12.0 Mobile/15E148 Safari/604.1" "-"
5.115.54.117 - - [22/Jan/2019:03:59:07 +0330] "GET /static/images/guarantees/goodShopping.png HTTP/1.1" 200 6496 "https://www.zanbil.ir/m/browse/fryer/%D8%B3%D8%B1%D8%AE-%DA%A9%D9%86" "Mozilla/5.0 (Android 8.0.0; Mobile; rv:62.0) Gecko/62.0 Firefox/62.0" "-"
5.115.54.117 - - [22/Jan/2019:03:59:07 +0330] "GET /static/images/guarantees/warranty.png HTTP/1.1" 200 5807 "https://www.zanbil.ir/m/browse/fryer/%D8%B3%D8%B1%D8%AE-%DA%A9%D9%86" "Mozilla/5.0 (Android 8.0.0; Mobile; rv:62.0) Gecko/62.0 Firefox/62.0" "-"
5.115.54.117 - - [22/Jan/2019:03:59:07 +0330] "GET /static/images/guarantees/bestPrice.png HTTP/1.1" 200 7356 "https://www.zanbil.ir/m/browse/fryer/%D8%B3%D8%B1%D8%AE-%DA%A9%D9%86" "Mozilla/5.0 (Android 8.0.0; Mobile; rv:62.0) Gecko/62.0 Firefox/62.0" "-"
5.115.54.117 - - [22/Jan/2019:03:59:07 +0330] "GET /static/images/guarantees/support.png HTTP/1.1" 200 6454 "https://www.zanbil.ir/m/browse/fryer/%D8%B3%D8%B1%D8%AE-%DA%A9%D9%86" "Mozilla/5.0 (Android 8.0.0; Mobile; rv:62.0) Gecko/62.0 Firefox/62.0" "-"
5.115.54.117 - - [22/Jan/2019:03:59:07 +0330] "GET /static/images/guarantees/fastDelivery.png HTTP/1.1" 200 7713 "https://www.zanbil.ir/m/browse/fryer/%D8%B3%D8%B1%D8%AE-%DA%A9%D9%86" "Mozilla/5.0 (Android 8.0.0; Mobile; rv:62.0) Gecko/62.0 Firefox/62.0" "-"
66.111.54.249 - - [22/Jan/2019:03:59:07 +0330] "GET /image/59833/productModel/200x200 HTTP/1.1" 200 3702 "https://www.zanbil.ir/m/filter/p3?page=2" "Mozilla/5.0 (Linux; Android 5.0; SM-G900H Build/LRX21T) AppleWebKit/537.36 (KHTML, like Gecko) Chrome/39.0.2171.93 Mobile Safari/537.36" "-"
66.111.54.249 - - [22/Jan/2019:03:59:07 +0330] "GET /image/64681/productModel/200x200 HTTP/1.1" 200 3290 "https://www.zanbil.ir/m/filter/p3?page=2" "Mozilla/5.0 (Linux; Android 5.0; SM-G900H Build/LRX21T) AppleWebKit/537.36 (KHTML, like Gecko) Chrome/39.0.2171.93 Mobile Safari/537.36" "-"
66.111.54.249 - - [22/Jan/2019:03:59:07 +0330] "GET /image/60754/productModel/200x200 HTTP/1.1" 200 3086 "https://www.zanbil.ir/m/filter/p3?page=2" "Mozilla/5.0 (Linux; Android 5.0; SM-G900H Build/LRX21T) AppleWebKit/537.36 (KHTML, like Gecko) Chrome/39.0.2171.93 Mobile Safari/537.36" "-"
66.111.54.249 - - [22/Jan/2019:03:59:07 +0330] "GET /image/62921/productModel/200x200 HTTP/1.1" 200 2727 "https://www.zanbil.ir/m/filter/p3?page=2" "Mozilla/5.0 (Linux; Android 5.0; SM-G900H Build/LRX21T) AppleWebKit/537.36 (KHTML, like Gecko) Chrome/39.0.2171.93 Mobile Safari/537.36" "-"
130.185.74.243 - - [22/Jan/2019:03:59:07 +0330] "GET /filter/stexists,p8391,b80?page=7 HTTP/1.1" 200 31013 "-" "Mozilla/5.0 (Windows NT 6.1; rv:42.0) Gecko/20100101 Firefox/42.0" "-"
5.115.54.117 - - [22/Jan/2019:03:59:07 +0330] "GET /settings/logo HTTP/1.1" 200 4120 "https://www.zanbil.ir/m/browse/fryer/%D8%B3%D8%B1%D8%AE-%DA%A9%D9%86" "Mozilla/5.0 (Android 8.0.0; Mobile; rv:62.0) Gecko/62.0 Firefox/62.0" "-"
207.46.13.104 - - [22/Jan/2019:03:59:08 +0330] "GET /filter/p65?page=4 HTTP/1.1" 200 34861 "-" "Mozilla/5.0 (compatible; bingbot/2.0; +http://www.bing.com/bingbot.htm)" "-"
5.115.54.117 - - [22/Jan/2019:03:59:08 +0330] "GET /amp-helper-frame.html?appId=a624a1c1-0c93-466a-a546-e146710f97e6&parentOrigin=https://www.zanbil.ir HTTP/1.1" 200 133 "https://www.zanbil.ir/m/browse/fryer/%D8%B3%D8%B1%D8%AE-%DA%A9%D9%86" "Mozilla/5.0 (Android 8.0.0; Mobile; rv:62.0) Gecko/62.0 Firefox/62.0" "-"
5.115.54.117 - - [22/Jan/2019:03:59:08 +0330] "GET /image/63598/productModel/200x200 HTTP/1.1" 200 5433 "https://www.zanbil.ir/m/browse/fryer/%D8%B3%D8%B1%D8%AE-%DA%A9%D9%86" "Mozilla/5.0 (Android 8.0.0; Mobile; rv:62.0) Gecko/62.0 Firefox/62.0" "-"
5.115.54.117 - - [22/Jan/2019:03:59:08 +0330] "GET /image/62449/productModel/200x200 HTTP/1.1" 200 3574 "https://www.zanbil.ir/m/browse/fryer/%D8%B3%D8%B1%D8%AE-%DA%A9%D9%86" "Mozilla/5.0 (Android 8.0.0; Mobile; rv:62.0) Gecko/62.0 Firefox/62.0" "-"
5.115.54.117 - - [22/Jan/2019:03:59:08 +0330] "GET /image/6439/productModel/200x200 HTTP/1.1" 200 6485 "https://www.zanbil.ir/m/browse/fryer/%D8%B3%D8%B1%D8%AE-%DA%A9%D9%86" "Mozilla/5.0 (Android 8.0.0; Mobile; rv:62.0) Gecko/62.0 Firefox/62.0" "-"
5.115.54.117 - - [22/Jan/2019:03:59:08 +0330] "GET /image/2772/productModel/200x200 HTTP/1.1" 200 5890 "https://www.zanbil.ir/m/browse/fryer/%D8%B3%D8%B1%D8%AE-%DA%A9%D9%86" "Mozilla/5.0 (Android 8.0.0; Mobile; rv:62.0) Gecko/62.0 Firefox/62.0" "-"
5.115.54.117 - - [22/Jan/2019:03:59:08 +0330] "GET /image/63599/productModel/200x200 HTTP/1.1" 200 5123 "https://www.zanbil.ir/m/browse/fryer/%D8%B3%D8%B1%D8%AE-%DA%A9%D9%86" "Mozilla/5.0 (Android 8.0.0; Mobile; rv:62.0) Gecko/62.0 Firefox/62.0" "-"
5.115.54.117 - - [22/Jan/2019:03:59:08 +0330] "GET /image/17125/productModel/200x200 HTTP/1.1" 200 5387 "https://www.zanbil.ir/m/browse/fryer/%D8%B3%D8%B1%D8%AE-%DA%A9%D9%86" "Mozilla/5.0 (Android 8.0.0; Mobile; rv:62.0) Gecko/62.0 Firefox/62.0" "-"
5.115.54.117 - - [22/Jan/2019:03:59:08 +0330] "GET /image/2122/productModel/200x200 HTTP/1.1" 200 4838 "https://www.zanbil.ir/m/browse/fryer/%D8%B3%D8%B1%D8%AE-%DA%A9%D9%86" "Mozilla/5.0 (Android 8.0.0; Mobile; rv:62.0) Gecko/62.0 Firefox/62.0" "-"
5.115.54.117 - - [22/Jan/2019:03:59:08 +0330] "GET /image/2164/productModel/200x200 HTTP/1.1" 200 3937 "https://www.zanbil.ir/m/browse/fryer/%D8%B3%D8%B1%D8%AE-%DA%A9%D9%86" "Mozilla/5.0 (Android 8.0.0; Mobile; rv:62.0) Gecko/62.0 Firefox/62.0" "-"
66.249.66.194 - - [22/Jan/2019:03:59:08 +0330] "GET /search?f=p0&phrase=%D8%A7%D8%AA%D9%88+%D9%85%D8%B3%D8%A7%D9%81%D8%B1%D8%AA%DB%8C HTTP/1.1" 404 33656 "-" "Mozilla/5.0 (compatible; Googlebot/2.1; +http://www.google.com/bot.html)" "-"
207.46.13.136 - - [22/Jan/2019:03:59:08 +0330] "GET /filter/b198,p6385,stexists HTTP/1.1" 200 31504 "-" "Mozilla/5.0 (compatible; bingbot/2.0; +http://www.bing.com/bingbot.htm)" "-"
95.81.118.56 - - [22/Jan/2019:03:59:08 +0330] "GET /filter/b1,p62 HTTP/1.1" 200 34370 "https://www.google.com/" "Mozilla/5.0 (Windows NT 6.1; Win64; x64) AppleWebKit/537.36 (KHTML, like Gecko) Chrome/71.0.3578.98 Safari/537.36" "-"
66.249.66.194 - - [22/Jan/2019:03:59:09 +0330] "GET /m/filter/b1,b103,b125,b126,b183,b186,b188,b192,b194,b198,b20,b202,b209,b215,b216,b218,b226,b231,b236,b238,b249,b256,b261,b270,b3,b32,b35,b36,b41,b481,b50,b523,b542,b548,b570,b573,b596,b598,b6,b613,b619,b647,b651,b67,b701,b723,b74,b795,b874,b880,b882,b883,b890,b95,b99,stexists HTTP/1.1" 200 27095 "-" "Mozilla/5.0 (Linux; Android 6.0.1; Nexus 5X Build/MMB29P) AppleWebKit/537.36 (KHTML, like Gecko) Chrome/41.0.2272.96 Mobile Safari/537.36 (compatible; Googlebot/2.1; +http://www.google.com/bot.html)" "-"
5.115.54.117 - - [22/Jan/2019:03:59:09 +0330] "GET /image/879/brand HTTP/1.1" 200 3348 "https://www.zanbil.ir/m/browse/fryer/%D8%B3%D8%B1%D8%AE-%DA%A9%D9%86" "Mozilla/5.0 (Android 8.0.0; Mobile; rv:62.0) Gecko/62.0 Firefox/62.0" "-"
5.115.54.117 - - [22/Jan/2019:03:59:09 +0330] "GET /image/103/brand HTTP/1.1" 200 2780 "https://www.zanbil.ir/m/browse/fryer/%D8%B3%D8%B1%D8%AE-%DA%A9%D9%86" "Mozilla/5.0 (Android 8.0.0; Mobile; rv:62.0) Gecko/62.0 Firefox/62.0" "-"
5.115.54.117 - - [22/Jan/2019:03:59:09 +0330] "GET /image/58/brand HTTP/1.1" 200 2349 "https://www.zanbil.ir/m/browse/fryer/%D8%B3%D8%B1%D8%AE-%DA%A9%D9%86" "Mozilla/5.0 (Android 8.0.0; Mobile; rv:62.0) Gecko/62.0 Firefox/62.0" "-"
5.115.54.117 - - [22/Jan/2019:03:59:09 +0330] "GET /image/2/productTypeType HTTP/1.1" 200 11100 "https://www.zanbil.ir/m/browse/fryer/%D8%B3%D8%B1%D8%AE-%DA%A9%D9%86" "Mozilla/5.0 (Android 8.0.0; Mobile; rv:62.0) Gecko/62.0 Firefox/62.0" "-"
5.115.54.117 - - [22/Jan/2019:03:59:09 +0330] "GET /image/41/brand HTTP/1.1" 200 2946 "https://www.zanbil.ir/m/browse/fryer/%D8%B3%D8%B1%D8%AE-%DA%A9%D9%86" "Mozilla/5.0 (Android 8.0.0; Mobile; rv:62.0) Gecko/62.0 Firefox/62.0" "-"
5.115.54.117 - - [22/Jan/2019:03:59:09 +0330] "GET /image/1/productTypeType HTTP/1.1" 200 11069 "https://www.zanbil.ir/m/browse/fryer/%D8%B3%D8%B1%D8%AE-%DA%A9%D9%86" "Mozilla/5.0 (Android 8.0.0; Mobile; rv:62.0) Gecko/62.0 Firefox/62.0" "-"
5.115.54.117 - - [22/Jan/2019:03:59:09 +0330] "GET /image/27/productTypeType HTTP/1.1" 200 11079 "https://www.zanbil.ir/m/browse/fryer/%D8%B3%D8%B1%D8%AE-%DA%A9%D9%86" "Mozilla/5.0 (Android 8.0.0; Mobile; rv:62.0) Gecko/62.0 Firefox/62.0" "-"
5.115.54.117 - - [22/Jan/2019:03:59:09 +0330] "GET /image/63600/productModel/200x200 HTTP/1.1" 200 5681 "https://www.zanbil.ir/m/browse/fryer/%D8%B3%D8%B1%D8%AE-%DA%A9%D9%86" "Mozilla/5.0 (Android 8.0.0; Mobile; rv:62.0) Gecko/62.0 Firefox/62.0" "-"
5.115.54.117 - - [22/Jan/2019:03:59:09 +0330] "GET /image/60765/productModel/200x200 HTTP/1.1" 200 6023 "https://www.zanbil.ir/m/browse/fryer/%D8%B3%D8%B1%D8%AE-%DA%A9%D9%86" "Mozilla/5.0 (Android 8.0.0; Mobile; rv:62.0) Gecko/62.0 Firefox/62.0" "-"
204.18.198.248 - - [22/Jan/2019:03:59:09 +0330] "GET /m/product/3597/2542/%D8%A2%D8%A8-%D9%BE%D8%B1%D8%AA%D9%82%D8%A7%D9%84-%DA%AF%DB%8C%D8%B1%DB%8C-%D8%AA%D9%81%D8%A7%D9%84-%D9%85%D8%AF%D9%84-8309 HTTP/1.1" 200 20382 "https://www.zanbil.ir/m/filter/p1233?page=1" "Mozilla/5.0 (iPhone; CPU iPhone OS 12_1 like Mac OS X) AppleWebKit/605.1.15 (KHTML, like Gecko) Version/12.0 Mobile/15E148 Safari/604.1" "-"
95.81.118.56 - - [22/Jan/2019:03:59:09 +0330] "GET /static/bundle-bundle_site_head.css HTTP/1.1" 200 55531 "https://www.zanbil.ir/filter/b1,p62" "Mozilla/5.0 (Windows NT 6.1; Win64; x64) AppleWebKit/537.36 (KHTML, like Gecko) Chrome/71.0.3578.98 Safari/537.36" "-"
130.185.74.243 - - [22/Jan/2019:03:59:09 +0330] "GET /filter/stexists,p8391,b80?page=8 HTTP/1.1" 200 31013 "-" "Mozilla/5.0 (Windows NT 6.1; rv:42.0) Gecko/20100101 Firefox/42.0" "-"
204.18.198.248 - - [22/Jan/2019:03:59:09 +0330] "GET /settings/logo HTTP/1.1" 200 4120 "https://www.zanbil.ir/m/product/3597/2542/%D8%A2%D8%A8-%D9%BE%D8%B1%D8%AA%D9%82%D8%A7%D9%84-%DA%AF%DB%8C%D8%B1%DB%8C-%D8%AA%D9%81%D8%A7%D9%84-%D9%85%D8%AF%D9%84-8309" "Mozilla/5.0 (iPhone; CPU iPhone OS 12_1 like Mac OS X) AppleWebKit/605.1.15 (KHTML, like Gecko) Version/12.0 Mobile/15E148 Safari/604.1" "-"
95.81.118.56 - - [22/Jan/2019:03:59:09 +0330] "GET /image/%7B%7BbasketItem.id%7D%7D?type=productModel&wh=50x50 HTTP/1.1" 200 5 "https://www.zanbil.ir/filter/b1,p62" "Mozilla/5.0 (Windows NT 6.1; Win64; x64) AppleWebKit/537.36 (KHTML, like Gecko) Chrome/71.0.3578.98 Safari/537.36" "-"
5.115.54.117 - - [22/Jan/2019:03:59:09 +0330] "GET /favicon.ico HTTP/1.1" 200 0 "-" "Mozilla/5.0 (Android 8.0.0; Mobile; rv:62.0.3) Gecko/62.0.3 Firefox/62.0.3" "-"
5.115.54.117 - - [22/Jan/2019:03:59:10 +0330] "GET /image/180/brand HTTP/1.1" 200 2566 "https://www.zanbil.ir/m/browse/fryer/%D8%B3%D8%B1%D8%AE-%DA%A9%D9%86" "Mozilla/5.0 (Android 8.0.0; Mobile; rv:62.0) Gecko/62.0 Firefox/62.0" "-"
5.115.54.117 - - [22/Jan/2019:03:59:10 +0330] "GET /image/185/brand HTTP/1.1" 200 2299 "https://www.zanbil.ir/m/browse/fryer/%D8%B3%D8%B1%D8%AE-%DA%A9%D9%86" "Mozilla/5.0 (Android 8.0.0; Mobile; rv:62.0) Gecko/62.0 Firefox/62.0" "-"
5.115.54.117 - - [22/Jan/2019:03:59:10 +0330] "GET /image/3/brand HTTP/1.1" 200 2885 "https://www.zanbil.ir/m/browse/fryer/%D8%B3%D8%B1%D8%AE-%DA%A9%D9%86" "Mozilla/5.0 (Android 8.0.0; Mobile; rv:62.0) Gecko/62.0 Firefox/62.0" "-"
204.18.198.248 - - [22/Jan/2019:03:59:10 +0330] "GET /image/3597?name=1.jpg&wh=max HTTP/1.1" 200 32137 "https://www.zanbil.ir/m/product/3597/2542/%D8%A2%D8%A8-%D9%BE%D8%B1%D8%AA%D9%82%D8%A7%D9%84-%DA%AF%DB%8C%D8%B1%DB%8C-%D8%AA%D9%81%D8%A7%D9%84-%D9%85%D8%AF%D9%84-8309" "Mozilla/5.0 (iPhone; CPU iPhone OS 12_1 like Mac OS X) AppleWebKit/605.1.15 (KHTML, like Gecko) Version/12.0 Mobile/15E148 Safari/604.1" "-"
89.47.79.75 - - [22/Jan/2019:03:59:10 +0330] "GET /image/1218/mainSlide HTTP/1.1" 200 91935 "https://www.zanbil.ir/" "Mozilla/5.0 (Windows NT 6.3; Win64; x64) AppleWebKit/537.36 (KHTML, like Gecko) Chrome/71.0.3578.98 Safari/537.36" "-"
89.47.79.75 - - [22/Jan/2019:03:59:10 +0330] "GET /image/8727/specialSale HTTP/1.1" 200 36325 "https://www.zanbil.ir/" "Mozilla/5.0 (Windows NT 6.3; Win64; x64) AppleWebKit/537.36 (KHTML, like Gecko) Chrome/71.0.3578.98 Safari/537.36" "-"
91.99.72.15 - - [22/Jan/2019:03:59:10 +0330] "GET /product/29146?model=58399 HTTP/1.1" 200 41191 "-" "Mozilla/5.0 (X11; Linux x86_64) AppleWebKit/537.36 (KHTML, like Gecko) Chrome/53.0.2785.92 Safari/537.36" "-"
89.47.79.75 - - [22/Jan/2019:03:59:10 +0330] "GET /image/8712/specialSale HTTP/1.1" 200 36301 "https://www.zanbil.ir/" "Mozilla/5.0 (Windows NT 6.3; Win64; x64) AppleWebKit/537.36 (KHTML, like Gecko) Chrome/71.0.3578.98 Safari/537.36" "-"
89.47.79.75 - - [22/Jan/2019:03:59:10 +0330] "GET /image/8739/specialSale HTTP/1.1" 200 36441 "https://www.zanbil.ir/" "Mozilla/5.0 (Windows NT 6.3; Win64; x64) AppleWebKit/537.36 (KHTML, like Gecko) Chrome/71.0.3578.98 Safari/537.36" "-"
89.47.79.75 - - [22/Jan/2019:03:59:10 +0330] "GET /image/1210/mainSlide HTTP/1.1" 200 111160 "https://www.zanbil.ir/" "Mozilla/5.0 (Windows NT 6.3; Win64; x64) AppleWebKit/537.36 (KHTML, like Gecko) Chrome/71.0.3578.98 Safari/537.36" "-"
89.47.79.75 - - [22/Jan/2019:03:59:10 +0330] "GET /image/1215/mainSlide HTTP/1.1" 200 90970 "https://www.zanbil.ir/" "Mozilla/5.0 (Windows NT 6.3; Win64; x64) AppleWebKit/537.36 (KHTML, like Gecko) Chrome/71.0.3578.98 Safari/537.36" "-"
89.47.79.75 - - [22/Jan/2019:03:59:10 +0330] "GET /static/bundle-bundle_site_defer.min.js HTTP/1.1" 200 185207 "https://www.zanbil.ir/" "Mozilla/5.0 (Windows NT 6.3; Win64; x64) AppleWebKit/537.36 (KHTML, like Gecko) Chrome/71.0.3578.98 Safari/537.36" "-"
89.47.79.75 - - [22/Jan/2019:03:59:10 +0330] "GET /image/1/productType/240x180 HTTP/1.1" 200 16901 "https://www.zanbil.ir/" "Mozilla/5.0 (Windows NT 6.3; Win64; x64) AppleWebKit/537.36 (KHTML, like Gecko) Chrome/71.0.3578.98 Safari/537.36" "-"
89.47.79.75 - - [22/Jan/2019:03:59:10 +0330] "GET /image/38/productType/240x180 HTTP/1.1" 200 7963 "https://www.zanbil.ir/" "Mozilla/5.0 (Windows NT 6.3; Win64; x64) AppleWebKit/537.36 (KHTML, like Gecko) Chrome/71.0.3578.98 Safari/537.36" "-"
89.47.79.75 - - [22/Jan/2019:03:59:10 +0330] "GET /image/5935/productType/240x180 HTTP/1.1" 200 17326 "https://www.zanbil.ir/" "Mozilla/5.0 (Windows NT 6.3; Win64; x64) AppleWebKit/537.36 (KHTML, like Gecko) Chrome/71.0.3578.98 Safari/537.36" "-"
89.47.79.75 - - [22/Jan/2019:03:59:10 +0330] "GET /image/5506/productType/240x180 HTTP/1.1" 200 16837 "https://www.zanbil.ir/" "Mozilla/5.0 (Windows NT 6.3; Win64; x64) AppleWebKit/537.36 (KHTML, like Gecko) Chrome/71.0.3578.98 Safari/537.36" "-"
89.47.79.75 - - [22/Jan/2019:03:59:10 +0330] "GET /image/51/productType/240x180 HTTP/1.1" 200 17251 "https://www.zanbil.ir/" "Mozilla/5.0 (Windows NT 6.3; Win64; x64) AppleWebKit/537.36 (KHTML, like Gecko) Chrome/71.0.3578.98 Safari/537.36" "-"
89.47.79.75 - - [22/Jan/2019:03:59:10 +0330] "GET /image/11640/productType/240x180 HTTP/1.1" 200 17339 "https://www.zanbil.ir/" "Mozilla/5.0 (Windows NT 6.3; Win64; x64) AppleWebKit/537.36 (KHTML, like Gecko) Chrome/71.0.3578.98 Safari/537.36" "-"
130.185.74.243 - - [22/Jan/2019:03:59:10 +0330] "GET /filter/stexists,p8391,b80?page=9 HTTP/1.1" 200 31013 "-" "Mozilla/5.0 (Windows NT 6.1; rv:42.0) Gecko/20100101 Firefox/42.0" "-"
89.47.79.75 - - [22/Jan/2019:03:59:10 +0330] "GET /image/11671/productType/240x180 HTTP/1.1" 200 17046 "https://www.zanbil.ir/" "Mozilla/5.0 (Windows NT 6.3; Win64; x64) AppleWebKit/537.36 (KHTML, like Gecko) Chrome/71.0.3578.98 Safari/537.36" "-"
89.47.79.75 - - [22/Jan/2019:03:59:10 +0330] "GET /image/33536/productType/240x180 HTTP/1.1" 200 22177 "https://www.zanbil.ir/" "Mozilla/5.0 (Windows NT 6.3; Win64; x64) AppleWebKit/537.36 (KHTML, like Gecko) Chrome/71.0.3578.98 Safari/537.36" "-"
89.47.79.75 - - [22/Jan/2019:03:59:10 +0330] "GET /image/6213/productType/240x180 HTTP/1.1" 200 17786 "https://www.zanbil.ir/" "Mozilla/5.0 (Windows NT 6.3; Win64; x64) AppleWebKit/537.36 (KHTML, like Gecko) Chrome/71.0.3578.98 Safari/537.36" "-"
89.47.79.75 - - [22/Jan/2019:03:59:10 +0330] "GET /image/11893/productType/240x180 HTTP/1.1" 200 11916 "https://www.zanbil.ir/" "Mozilla/5.0 (Windows NT 6.3; Win64; x64) AppleWebKit/537.36 (KHTML, like Gecko) Chrome/71.0.3578.98 Safari/537.36" "-"
89.47.79.75 - - [22/Jan/2019:03:59:11 +0330] "GET /image/1195/article/100x100 HTTP/1.1" 200 12946 "https://www.zanbil.ir/" "Mozilla/5.0 (Windows NT 6.3; Win64; x64) AppleWebKit/537.36 (KHTML, like Gecko) Chrome/71.0.3578.98 Safari/537.36" "-"
89.47.79.75 - - [22/Jan/2019:03:59:11 +0330] "GET /static/images/amp/instagram.png HTTP/1.1" 200 7146 "https://www.zanbil.ir/" "Mozilla/5.0 (Windows NT 6.3; Win64; x64) AppleWebKit/537.36 (KHTML, like Gecko) Chrome/71.0.3578.98 Safari/537.36" "-"
89.47.79.75 - - [22/Jan/2019:03:59:11 +0330] "GET /image/1191/article/100x100 HTTP/1.1" 200 18870 "https://www.zanbil.ir/" "Mozilla/5.0 (Windows NT 6.3; Win64; x64) AppleWebKit/537.36 (KHTML, like Gecko) Chrome/71.0.3578.98 Safari/537.36" "-"
89.47.79.75 - - [22/Jan/2019:03:59:11 +0330] "GET /static/images/amp/telegram.png HTTP/1.1" 200 4859 "https://www.zanbil.ir/" "Mozilla/5.0 (Windows NT 6.3; Win64; x64) AppleWebKit/537.36 (KHTML, like Gecko) Chrome/71.0.3578.98 Safari/537.36" "-"
89.47.79.75 - - [22/Jan/2019:03:59:11 +0330] "GET /image/1194/article/100x100 HTTP/1.1" 200 10421 "https://www.zanbil.ir/" "Mozilla/5.0 (Windows NT 6.3; Win64; x64) AppleWebKit/537.36 (KHTML, like Gecko) Chrome/71.0.3578.98 Safari/537.36" "-"
89.47.79.75 - - [22/Jan/2019:03:59:11 +0330] "GET /static/css/font_awesome/fonts/fontawesome-webfont.woff2?v=4.7.0 HTTP/1.1" 200 77171 "https://znbl.ir/static/bundle-bundle_site_head.css" "Mozilla/5.0 (Windows NT 6.3; Win64; x64) AppleWebKit/537.36 (KHTML, like Gecko) Chrome/71.0.3578.98 Safari/537.36" "-"
89.47.79.75 - - [22/Jan/2019:03:59:11 +0330] "GET /static/images/third-party/footer.png HTTP/1.1" 200 56076 "https://www.zanbil.ir/" "Mozilla/5.0 (Windows NT 6.3; Win64; x64) AppleWebKit/537.36 (KHTML, like Gecko) Chrome/71.0.3578.98 Safari/537.36" "-"
89.47.79.75 - - [22/Jan/2019:03:59:11 +0330] "GET /image/1193/article/100x100 HTTP/1.1" 200 19086 "https://www.zanbil.ir/" "Mozilla/5.0 (Windows NT 6.3; Win64; x64) AppleWebKit/537.36 (KHTML, like Gecko) Chrome/71.0.3578.98 Safari/537.36" "-"
89.47.79.75 - - [22/Jan/2019:03:59:11 +0330] "GET /static/images/amp/blog.png HTTP/1.1" 200 3863 "https://www.zanbil.ir/" "Mozilla/5.0 (Windows NT 6.3; Win64; x64) AppleWebKit/537.36 (KHTML, like Gecko) Chrome/71.0.3578.98 Safari/537.36" "-"
89.47.79.75 - - [22/Jan/2019:03:59:11 +0330] "GET /static/images/search-category-arrow.png HTTP/1.1" 200 217 "https://znbl.ir/static/bundle-bundle_site_head.css" "Mozilla/5.0 (Windows NT 6.3; Win64; x64) AppleWebKit/537.36 (KHTML, like Gecko) Chrome/71.0.3578.98 Safari/537.36" "-"
