31.56.96.51 - - [22/Jan/2019:03:58:14 +0330] "GET /image/62191/productModel/200x200 HTTP/1.1" 200 8820 "https://www.zanbil.ir/m/filter/p62%2Cb5?page=1" "Mozilla/5.0 (Linux; Android 6.0; ALE-L21 Build/HuaweiALE-L21) AppleWebKit/537.36 (KHTML, like Gecko) Chrome/66.0.3359.158 Mobile Safari/537.36" "-"
130.185.74.243 - - [22/Jan/2019:03:58:15 +0330] "GET /filter/stexists,p12590?page=2 HTTP/1.1" 200 31336 "-" "Mozilla/5.0 (Windows NT 6.1; rv:42.0) Gecko/20100101 Firefox/42.0" "-"
54.36.148.176 - - [22/Jan/2019:03:58:15 +0330] "GET /filter/p12349%2Cv1%7C%DA%A9%D8%B1%D9%85%20%D9%82%D9%87%D9%88%D9%87%20%D8%A7%DB%8C%2Cv1%7CHoot HTTP/1.1" 200 32491 "-" "Mozilla/5.0 (compatible; AhrefsBot/6.1; +http://ahrefs.com/robot/)" "-"
66.249.66.91 - - [22/Jan/2019:03:58:15 +0330] "GET /filter/b481%2Cb874%2Cb226%2Cb570%2Cb598%2Cstexists%2Cb880%2Cb270%2Cb903%2Cb883%2Cb99%2Cb261%2Cb249%2Cb20%2Cb701%2Cb42%2Cb879%2Cb198%2Cb548%2Cb183%2Cb88%2Cb308%2Cb103%2Cb126%2Cb523%2Cb900%2Cb192%2Cb188%2Cb703%2Cb890%2Cb148%2Cb236%2Cb256%2Cb454%2Cb651%2Cb41%2Cb202%2Cb647%2Cb4%2Cb613%2Cb6%2Cb221%2Cb36%2Cb614%2Cb3%2Cb216%2Cb218%2Cb43%2Cb136%2Cb573%2Cb185%2Cb32%2Cb441%2Cb484%2Cb143%2Cb63?page=66 HTTP/1.1" 200 41434 "-" "Mozilla/5.0 (compatible; Googlebot/2.1; +http://www.google.com/bot.html)" "-"
204.18.198.248 - - [22/Jan/2019:03:58:15 +0330] "GET /image/11/productType/120x90 HTTP/1.1" 200 15613 "https://www.zanbil.ir/m/product/5820/6404/%D8%A2%D8%A8-%D9%BE%D8%B1%D8%AA%D9%82%D8%A7%D9%84-%DA%AF%DB%8C%D8%B1%DB%8C-%DA%AF%D8%A7%D8%B3%D8%AA%D8%B1%D9%88%D8%A8%DA%A9-%D9%85%D8%AF%D9%84-41138" "Mozilla/5.0 (iPhone; CPU iPhone OS 12_1 like Mac OS X) AppleWebKit/605.1.15 (KHTML, like Gecko) Version/12.0 Mobile/15E148 Safari/604.1" "-"
204.18.198.248 - - [22/Jan/2019:03:58:15 +0330] "GET /image/12/productType/120x90 HTTP/1.1" 200 11376 "https://www.zanbil.ir/m/product/5820/6404/%D8%A2%D8%A8-%D9%BE%D8%B1%D8%AA%D9%82%D8%A7%D9%84-%DA%AF%DB%8C%D8%B1%DB%8C-%DA%AF%D8%A7%D8%B3%D8%AA%D8%B1%D9%88%D8%A8%DA%A9-%D9%85%D8%AF%D9%84-41138" "Mozilla/5.0 (iPhone; CPU iPhone OS 12_1 like Mac OS X) AppleWebKit/605.1.15 (KHTML, like Gecko) Version/12.0 Mobile/15E148 Safari/604.1" "-"
66.249.66.91 - - [22/Jan/2019:03:58:16 +0330] "GET /filter/b481%2Cb874%2Cb226%2Cb570%2Cb598%2Cstexists%2Cb880%2Cb270%2Cb883%2Cb99%2Cb261%2Cb249%2Cb20%2Cb701%2Cb42%2Cb879%2Cb548%2Cb183%2Cb88%2Cb308%2Cb103%2Cb1%2Cb126%2Cb523%2Cb900%2Cb192%2Cb188%2Cb703%2Cb890%2Cb148%2Cb256%2Cb454%2Cb651%2Cb41%2Cb647%2Cb22%2Cb613%2Cb6%2Cb221%2Cb36%2Cb614%2Cb3%2Cb216%2Cb218%2Cb136%2Cb573%2Cb151%2Cb185%2Cb32%2Cb441%2Cb143%2Cb648%2Cb203%2Cb877%2Cb209%2Cb231%2Cb485%2Cb147%2Cb484?page=5 HTTP/1.1" 200 41649 "-" "Mozilla/5.0 (compatible; Googlebot/2.1; +http://www.google.com/bot.html)" "-"
130.185.74.243 - - [22/Jan/2019:03:58:16 +0330] "GET /filter/stexists,p12590?page=3 HTTP/1.1" 200 31339 "-" "Mozilla/5.0 (Windows NT 6.1; rv:42.0) Gecko/20100101 Firefox/42.0" "-"
66.249.66.194 - - [22/Jan/2019:03:58:16 +0330] "GET /m/filter/b1,b103,b135,b151,b168,b183,b185,b19,b192,b194,b213,b215,b218,b219,b224,b231,b238,b261,b3,b321,b36,b41,b435,b441,b442,b484,b497,b5,b50,b542,b568,b573,b584,b598,b614,b619,b63,b647,b703,b723,b724,b74,b82,b878,b88,b880,b95,b99 HTTP/1.1" 200 26618 "-" "Mozilla/5.0 (Linux; Android 6.0.1; Nexus 5X Build/MMB29P) AppleWebKit/537.36 (KHTML, like Gecko) Chrome/41.0.2272.96 Mobile Safari/537.36 (compatible; Googlebot/2.1; +http://www.google.com/bot.html)" "-"
31.56.96.51 - - [22/Jan/2019:03:58:16 +0330] "GET /image/62189/productModel/200x200 HTTP/1.1" 200 6141 "https://www.zanbil.ir/m/filter/p62%2Cb5?page=1" "Mozilla/5.0 (Linux; Android 6.0; ALE-L21 Build/HuaweiALE-L21) AppleWebKit/537.36 (KHTML, like Gecko) Chrome/66.0.3359.158 Mobile Safari/537.36" "-"
5.211.97.39 - - [22/Jan/2019:03:58:16 +0330] "HEAD /amp_preconnect_polyfill_404_or_other_error_expected._Do_not_worry_about_it?1548117180000 HTTP/1.1" 404 0 "https://www.zanbil.ir/m/filter/p25%2Cb103" "Mozilla/5.0 (iPhone; CPU iPhone OS 10_3_2 like Mac OS X) AppleWebKit/603.2.4 (KHTML, like Gecko) Version/10.0 Mobile/14F89 Safari/602.1" "-"
66.249.66.194 - - [22/Jan/2019:03:58:16 +0330] "GET /product/7524?model=9206 HTTP/1.1" 404 33634 "-" "Mozilla/5.0 (compatible; Googlebot/2.1; +http://www.google.com/bot.html)" "-"
130.185.74.243 - - [22/Jan/2019:03:58:17 +0330] "GET /filter/stexists,p12590?page=4 HTTP/1.1" 200 31388 "-" "Mozilla/5.0 (Windows NT 6.1; rv:42.0) Gecko/20100101 Firefox/42.0" "-"
66.249.66.194 - - [22/Jan/2019:03:58:17 +0330] "GET /browse/sandwich-maker HTTP/1.1" 302 0 "-" "Mozilla/5.0 (Linux; Android 6.0.1; Nexus 5X Build/MMB29P) AppleWebKit/537.36 (KHTML, like Gecko) Chrome/41.0.2272.96 Mobile Safari/537.36 (compatible; Googlebot/2.1; +http://www.google.com/bot.html)" "-"
66.249.66.194 - - [22/Jan/2019:03:58:17 +0330] "GET /m/filter/b103,b105,b136,b143,b168,b180,b185,b186,b188,b19,b198,b2,b20,b204,b213,b218,b219,b224,b231,b238,b240,b249,b256,b282,b290,b299,b305,b400,b41,b42,b435,b454,b481,b482,b50,b542,b543,b570,b584,b596,b598,b601,b603,b614,b645,b648,b703,b723,b74,b741,b795,b80,b854,b879,p11671 HTTP/1.1" 200 20914 "-" "Mozilla/5.0 (Linux; Android 6.0.1; Nexus 5X Build/MMB29P) AppleWebKit/537.36 (KHTML, like Gecko) Chrome/41.0.2272.96 Mobile Safari/537.36 (compatible; Googlebot/2.1; +http://www.google.com/bot.html)" "-"
130.185.74.243 - - [22/Jan/2019:03:58:18 +0330] "GET /filter/stexists,p12590?page=5 HTTP/1.1" 200 31459 "-" "Mozilla/5.0 (Windows NT 6.1; rv:42.0) Gecko/20100101 Firefox/42.0" "-"
66.249.66.91 - - [22/Jan/2019:03:58:18 +0330] "GET /filter/b481%2Cb226%2Cb570%2Cb80%2Cb270%2Cb903%2Cb883%2Cb152%2Cb249%2Cb20%2Cb701%2Cb723%2Cb42%2Cb198%2Cb35%2Cb183%2Cb219%2Cb308%2Cb126%2Cb523%2Cb900%2Cb188%2Cb703%2Cb890%2Cb236%2Cb74%2Cb400%2Cb209%2Cb19%2Cb454%2Cb651%2Cb202%2Cb4%2Cb22%2Cb238%2Cb6%2Cb596%2Cb143%2Cb877%2Cb485%2Cb221%2Cb194%2Cb136%2Cb647%2Cb497%2Cb546%2Cb105%2Cb185%2Cb568%2Cb151%2Cb88%2Cb43%2Cb597%2Cb103%2Cb613%2Cb880%2Cb212%2Cb861%2Cb148%2Cb135%2Cb186%2Cb778%2Cb113%2Cb99%2Cb584%2Cb724?page=175 HTTP/1.1" 200 41801 "-" "Mozilla/5.0 (compatible; Googlebot/2.1; +http://www.google.com/bot.html)" "-"
157.55.39.245 - - [22/Jan/2019:03:58:18 +0330] "GET /image/703/brand HTTP/1.1" 200 3223 "-" "Mozilla/5.0 (iPhone; CPU iPhone OS 7_0 like Mac OS X) AppleWebKit/537.51.1 (KHTML, like Gecko) Version/7.0 Mobile/11A465 Safari/9537.53 (compatible; bingbot/2.0; +http://www.bing.com/bingbot.htm)" "-"
130.185.74.243 - - [22/Jan/2019:03:58:18 +0330] "GET /filter/stexists,p12590?page=6 HTTP/1.1" 200 30020 "-" "Mozilla/5.0 (Windows NT 6.1; rv:42.0) Gecko/20100101 Firefox/42.0" "-"
157.55.39.245 - - [22/Jan/2019:03:58:18 +0330] "GET /image/19135?name=4039+%281%29.jpg&wh=300x300 HTTP/1.1" 200 7807 "-" "Mozilla/5.0 (compatible; bingbot/2.0; +http://www.bing.com/bingbot.htm)" "-"
66.249.66.194 - - [22/Jan/2019:03:58:18 +0330] "GET /m/filter/b218,p5666,stexists HTTP/1.1" 200 18531 "-" "Mozilla/5.0 (Linux; Android 6.0.1; Nexus 5X Build/MMB29P) AppleWebKit/537.36 (KHTML, like Gecko) Chrome/41.0.2272.96 Mobile Safari/537.36 (compatible; Googlebot/2.1; +http://www.google.com/bot.html)" "-"
5.211.97.39 - - [22/Jan/2019:03:58:19 +0330] "HEAD /amp_preconnect_polyfill_404_or_other_error_expected._Do_not_worry_about_it?1548117180000 HTTP/1.1" 404 0 "https://www.zanbil.ir/m/browse/meat-grinder/%DA%86%D8%B1%D8%AE-%DA%AF%D9%88%D8%B4%D8%AA" "Mozilla/5.0 (iPhone; CPU iPhone OS 10_3_2 like Mac OS X) AppleWebKit/603.2.4 (KHTML, like Gecko) Version/10.0 Mobile/14F89 Safari/602.1" "-"
207.46.13.104 - - [22/Jan/2019:03:58:19 +0330] "GET /filter?f=b1%2Cp1%2Cb130%2Cb58 HTTP/1.1" 301 178 "-" "Mozilla/5.0 (compatible; bingbot/2.0; +http://www.bing.com/bingbot.htm)" "-"
5.209.200.218 - - [22/Jan/2019:03:58:20 +0330] "GET /m/filter/b99%2Cp4510%2Cstexists%2Ct116 HTTP/1.1" 200 17920 "https://www.zanbil.ir/m/filter/b99%2Cp4510%2Cstexists" "Mozilla/5.0 (Linux; Android 5.1.1; SM-G361H Build/LMY48B) AppleWebKit/537.36 (KHTML, like Gecko) Chrome/55.0.2883.91 Mobile Safari/537.36" "-"
51.15.15.54 - - [22/Jan/2019:03:58:20 +0330] "GET /blog/sports/sport-fields/table-sports/table-football/ HTTP/1.1" 200 20550 "-" "Barkrowler/0.9 (+http://www.exensa.com/crawl)" "-"
54.36.148.72 - - [22/Jan/2019:03:58:20 +0330] "GET /filter/p12349%2Cv1%7C%D8%B7%D9%88%D8%B3%DB%8C%20%D9%82%D8%B1%D9%85%D8%B2%2Cv1%7C%DA%A9%D8%B1%D9%85%20%D8%B2%D8%B1%D8%B4%DA%A9%DB%8C?o=v1 HTTP/1.1" 302 0 "-" "Mozilla/5.0 (compatible; AhrefsBot/6.1; +http://ahrefs.com/robot/)" "-"
66.249.66.91 - - [22/Jan/2019:03:58:20 +0330] "GET /filter/b656%2Cb703%2Cb67%2Cb226%2Cb41%2Cb598%2Cb168%2Cb723%2Cb597%2Cb88%2Cb548%2Cb6%2Cb679%2Cb215%2Cb105%2Cb194%2Cb74%2Cb542%2Cb35%2Cb113%2Cb820%2Cb574%2Cb442%2Cb880%2Cb645%2Cb724%2Cb118%2Cb482%2Cb400%2Cb95%2Cb135%2Cb249%2Cb435%2Cb221%2Cb523%2Cb854%2Cb126%2Cstexists%2Cb216%2Cb217%2Cb152%2Cb99%2Cb188%2Cb209%2Cb192%2Cb213%2Cb136%2Cb218%2Cb4%2Cb648%2Cb454%2Cb258%2Cb270%2Cb180?page=41 HTTP/1.1" 200 41505 "-" "Mozilla/5.0 (compatible; Googlebot/2.1; +http://www.google.com/bot.html)" "-"
66.249.66.194 - - [22/Jan/2019:03:58:20 +0330] "GET /m/filter/b118,b126,b148,b183,b186,b20,b212,b213,b219,b221,b224,b249,b3,b32,b484,b485,b523,b542,b613,b63,b67,b724,b734,b820,b874,b95,b99 HTTP/1.1" 200 24862 "-" "Mozilla/5.0 (Linux; Android 6.0.1; Nexus 5X Build/MMB29P) AppleWebKit/537.36 (KHTML, like Gecko) Chrome/41.0.2272.96 Mobile Safari/537.36 (compatible; Googlebot/2.1; +http://www.google.com/bot.html)" "-"
130.185.74.243 - - [22/Jan/2019:03:58:20 +0330] "GET /filter/stexists,p18554 HTTP/1.1" 200 31168 "-" "Mozilla/5.0 (Windows NT 6.1; rv:42.0) Gecko/20100101 Firefox/42.0" "-"
5.211.97.39 - - [22/Jan/2019:03:58:21 +0330] "HEAD /amp_preconnect_polyfill_404_or_other_error_expected._Do_not_worry_about_it?1548117180000 HTTP/1.1" 404 0 "https://www.zanbil.ir/m/browse/food-preparation/%D8%A2%D9%85%D8%A7%D8%AF%D9%87-%D8%B3%D8%A7%D8%B2%DB%8C-%D8%BA%D8%B0%D8%A7" "Mozilla/5.0 (iPhone; CPU iPhone OS 10_3_2 like Mac OS X) AppleWebKit/603.2.4 (KHTML, like Gecko) Version/10.0 Mobile/14F89 Safari/602.1" "-"
34.247.132.53 - - [22/Jan/2019:03:58:21 +0330] "GET / HTTP/1.1" 200 30697 "-" "Mozilla/5.0 (Windows NT 10.0; Win64; x64) AppleWebKit/537.36 (KHTML, like Gecko) Chrome/63.0.3239.84 Safari/537.36" "-"
66.249.66.194 - - [22/Jan/2019:03:58:21 +0330] "GET /m/filter/b105,b126,b135,b148,b168,b180,b183,b212,b213,b216,b219,b252,b35,b484,b597,b598,b605,b612,b613,b615,b655,b718,b719,b724,b8,b879,b880,b884,p1 HTTP/1.1" 200 23446 "-" "Mozilla/5.0 (Linux; Android 6.0.1; Nexus 5X Build/MMB29P) AppleWebKit/537.36 (KHTML, like Gecko) Chrome/41.0.2272.96 Mobile Safari/537.36 (compatible; Googlebot/2.1; +http://www.google.com/bot.html)" "-"
5.209.200.218 - - [22/Jan/2019:03:58:22 +0330] "GET /settings/logo HTTP/1.1" 200 4120 "https://www.zanbil.ir/m/filter/b99%2Cp4510%2Cstexists%2Ct116" "Mozilla/5.0 (Linux; Android 5.1.1; SM-G361H Build/LMY48B) AppleWebKit/537.36 (KHTML, like Gecko) Chrome/55.0.2883.91 Mobile Safari/537.36" "-"
130.185.74.243 - - [22/Jan/2019:03:58:22 +0330] "GET /filter/stexists,p24656 HTTP/1.1" 200 28929 "-" "Mozilla/5.0 (Windows NT 6.1; rv:42.0) Gecko/20100101 Firefox/42.0" "-"
207.46.13.136 - - [22/Jan/2019:03:58:22 +0330] "GET /product/19210?model=40967 HTTP/1.1" 200 42352 "-" "Mozilla/5.0 (compatible; bingbot/2.0; +http://www.bing.com/bingbot.htm)" "-"
66.249.66.194 - - [22/Jan/2019:03:58:22 +0330] "GET /product/12705 HTTP/1.1" 404 33559 "-" "Mozilla/5.0 (compatible; Googlebot/2.1; +http://www.google.com/bot.html)" "-"
207.46.13.104 - - [22/Jan/2019:03:58:23 +0330] "GET /filter/b152,b74 HTTP/1.1" 200 36098 "-" "Mozilla/5.0 (compatible; bingbot/2.0; +http://www.bing.com/bingbot.htm)" "-"
157.55.39.245 - - [22/Jan/2019:03:58:23 +0330] "GET /product/31991/%D9%85%D8%AE%D9%84%D9%88%D8%B7-%DA%A9%D9%86-%DA%A9%D9%86%D9%88%D9%88%D8%AF-%D9%85%D8%AF%D9%84-BLP402 HTTP/1.1" 200 42063 "-" "Mozilla/5.0 (compatible; bingbot/2.0; +http://www.bing.com/bingbot.htm)" "-"
130.185.74.243 - - [22/Jan/2019:03:58:23 +0330] "GET /filter/stexists,p24657 HTTP/1.1" 200 30628 "-" "Mozilla/5.0 (Windows NT 6.1; rv:42.0) Gecko/20100101 Firefox/42.0" "-"
66.249.66.91 - - [22/Jan/2019:03:58:23 +0330] "GET /filter/b481%2Cb874%2Cb32%2Cb67%2Cb36%2Cb226%2Cb41%2Cb136%2Cb570%2Cb598%2Cb180%2Cb615%2Cb168%2Cb648%2Cb103%2Cb80%2Cb213%2Cb597%2Cb724%2Cb613%2Cb135%2Cb877%2Cb183%2Cb497%2Cb435%2Cb194%2Cb861%2Cb256%2Cb854%2Cb198%2Cb647%2Cb679%2Cb88%2Cb441%2Cb6%2Cb221%2Cb645%2Cb219%2Cb50%2Cb151%2Cb192%2Cstexists%2Cb203?page=11 HTTP/1.1" 200 39549 "-" "Mozilla/5.0 (compatible; Googlebot/2.1; +http://www.google.com/bot.html)" "-"
207.46.13.136 - - [22/Jan/2019:03:58:24 +0330] "GET /filter/b180,p34 HTTP/1.1" 200 31579 "-" "Mozilla/5.0 (compatible; bingbot/2.0; +http://www.bing.com/bingbot.htm)" "-"
207.46.13.136 - - [22/Jan/2019:03:58:24 +0330] "GET /filter/b111,b404,b614 HTTP/1.1" 200 35722 "-" "Mozilla/5.0 (compatible; bingbot/2.0; +http://www.bing.com/bingbot.htm)" "-"
130.185.74.243 - - [22/Jan/2019:03:58:25 +0330] "GET /filter/stexists,p12595 HTTP/1.1" 200 32943 "-" "Mozilla/5.0 (Windows NT 6.1; rv:42.0) Gecko/20100101 Firefox/42.0" "-"
207.46.13.136 - - [22/Jan/2019:03:58:25 +0330] "GET /image/27896?name=914f105cd1ed2653.jpg&wh=max HTTP/1.1" 200 13847 "-" "Mozilla/5.0 (compatible; bingbot/2.0; +http://www.bing.com/bingbot.htm)" "-"
31.56.96.51 - - [22/Jan/2019:03:58:25 +0330] "GET /m/product/28821/57721/%DA%AF%D9%88%D8%B4%DB%8C-%D9%85%D9%88%D8%A8%D8%A7%DB%8C%D9%84-%D8%A7%D9%BE%D9%84-%D9%85%D8%AF%D9%84-iPhone-7-128GB HTTP/1.1" 200 21002 "https://www.zanbil.ir/m/filter/p62%2Cb5?page=1" "Mozilla/5.0 (Linux; Android 6.0; ALE-L21 Build/HuaweiALE-L21) AppleWebKit/537.36 (KHTML, like Gecko) Chrome/66.0.3359.158 Mobile Safari/537.36" "-"
207.46.13.104 - - [22/Jan/2019:03:58:25 +0330] "GET /filter/b126,b135,b741 HTTP/1.1" 200 35993 "-" "Mozilla/5.0 (compatible; bingbot/2.0; +http://www.bing.com/bingbot.htm)" "-"
130.185.74.243 - - [22/Jan/2019:03:58:25 +0330] "GET /product/20910/45242/%D8%AF%D8%B3%D8%AA%D8%A8%D9%86%D8%AF-%D8%B2%D9%86%D8%A7%D9%86%D9%87-%D8%A7%D9%84%DB%8C%D9%88%D8%B1-%D9%88%D8%A8%D8%B1-%D9%85%D8%AF%D9%84-%DA%A9%D8%B1%DB%8C%D8%B3%D8%AA%D8%A7%D9%84-%D8%B7%D9%84%D8%A7%DB%8C%DB%8C-%D8%B7%D8%B1%D8%AD-%D9%85%D9%82%D8%A7%D9%85-Rank-rhod-crystal HTTP/1.1" 200 40872 "-" "Mozilla/5.0 (Windows NT 6.1; rv:42.0) Gecko/20100101 Firefox/42.0" "-"
66.249.83.1 - - [22/Jan/2019:03:58:26 +0330] "GET /article/606/%D8%B9%D9%84%D8%AA-%D9%88-%D8%AF%D8%B1%D9%85%D8%A7%D9%86-%DA%AF%D8%B1%D8%AF%D9%86-%D8%AF%D8%B1%D8%AF-%28%D9%87%D9%85%D8%B1%D8%A7%D9%87-%D8%B3%D8%B1%D8%AF%D8%B1%D8%AF-%D9%88-%D8%B3%D8%B1%DA%AF%DB%8C%D8%AC%D9%87%29 HTTP/1.1" 302 0 "-" "Mozilla/5.0 (Linux; Android 4.2.1; en-us; Nexus 5 Build/JOP40D) AppleWebKit/535.19 (KHTML, like Gecko; googleweblight) Chrome/38.0.1025.166 Mobile Safari/535.19" "103.28.132.65"
66.249.66.91 - - [22/Jan/2019:03:58:26 +0330] "GET /filter/b481%2Cb874%2Cb32%2Cb67%2Cb36%2Cb226%2Cb41%2Cb136%2Cb570%2Cb598%2Cb180%2Cb615%2Cb168%2Cb648%2Cb103%2Cb80%2Cb213%2Cb597%2Cb724%2Cb613%2Cb135%2Cb877%2Cb183%2Cb497%2Cb435%2Cb194%2Cb861%2Cb256%2Cb854%2Cb198%2Cb647%2Cb679%2Cb88%2Cb441%2Cb6%2Cb221%2Cb645%2Cb219%2Cb50%2Cb151%2Cb192%2Cstexists?page=17 HTTP/1.1" 200 39596 "-" "Mozilla/5.0 (compatible; Googlebot/2.1; +http://www.google.com/bot.html)" "-"
66.249.66.91 - - [22/Jan/2019:03:58:26 +0330] "GET /filter/b656%2Cb703%2Cb32%2Cb67%2Cb226%2Cb41%2Cb598%2Cb168%2Cb723%2Cb597%2Cb88%2Cb548%2Cb6%2Cb679%2Cb215%2Cb105%2Cb194%2Cb74%2Cb542%2Cb35%2Cb113%2Cb820%2Cb574%2Cb442%2Cb880%2Cb645%2Cb724%2Cb118%2Cb482%2Cb400%2Cb95%2Cb135%2Cb249%2Cb221%2Cb523%2Cb854%2Cb126%2Cstexists%2Cb216%2Cb217%2Cb152%2Cb99%2Cb188%2Cb209%2Cb192%2Cb213%2Cb136%2Cb218%2Cb4%2Cb648%2Cb454%2Cb147%2Cb258%2Cb883?page=1 HTTP/1.1" 200 40355 "-" "Mozilla/5.0 (compatible; Googlebot/2.1; +http://www.google.com/bot.html)" "-"
54.36.149.86 - - [22/Jan/2019:03:58:26 +0330] "GET /filter/b236,b46,b536,b734,p8095 HTTP/1.1" 200 34271 "-" "Mozilla/5.0 (compatible; AhrefsBot/6.1; +http://ahrefs.com/robot/)" "-"
5.209.200.218 - - [22/Jan/2019:03:58:27 +0330] "GET /m/prepareSearch?phrase= HTTP/1.1" 302 0 "https://www.zanbil.ir/m/filter/b99%2Cp4510%2Cstexists%2Ct116" "Mozilla/5.0 (Linux; Android 5.1.1; SM-G361H Build/LMY48B) AppleWebKit/537.36 (KHTML, like Gecko) Chrome/55.0.2883.91 Mobile Safari/537.36" "-"
89.47.79.75 - - [22/Jan/2019:03:58:27 +0330] "GET / HTTP/1.1" 200 30697 "http://ptcnovin.com/viewads/9973433553DD74E139351D14HE076H36B44OC16O74553B435O7635656U565E515976B5HC2V5U73B7B76VZB60Z5E527C445497" "Mozilla/5.0 (Windows NT 6.3; Win64; x64) AppleWebKit/537.36 (KHTML, like Gecko) Chrome/71.0.3578.98 Safari/537.36" "-"
130.185.74.243 - - [22/Jan/2019:03:58:27 +0330] "GET /product/12854/21356/%D8%AF%D8%B3%D8%AA%D8%A8%D9%86%D8%AF-%D8%B2%D9%86%D8%A7%D9%86%D9%87-%D8%A7%D9%84%DB%8C%D9%88%D8%B1-%D9%88%D8%A8%D8%B1-%D9%85%D8%AF%D9%84-%D8%AA%D9%88%D9%BE%D8%A7%D8%B2-%D8%B7%D8%B1%D8%AD-%D8%A8%D8%A8%D8%B1-%D8%B7%D9%84%D8%A7%DB%8C%DB%8C-Tiger-gold-lt-col-topaz HTTP/1.1" 200 40799 "-" "Mozilla/5.0 (Windows NT 6.1; rv:42.0) Gecko/20100101 Firefox/42.0" "-"
5.209.200.218 - - [22/Jan/2019:03:58:27 +0330] "GET /m/search HTTP/1.1" 200 0 "https://www.zanbil.ir/m/filter/b99%2Cp4510%2Cstexists%2Ct116" "Mozilla/5.0 (Linux; Android 5.1.1; SM-G361H Build/LMY48B) AppleWebKit/537.36 (KHTML, like Gecko) Chrome/55.0.2883.91 Mobile Safari/537.36" "-"
89.47.79.75 - - [22/Jan/2019:03:58:27 +0330] "GET /image/%7B%7BbasketItem.id%7D%7D?type=productModel&wh=50x50 HTTP/1.1" 200 5 "https://www.zanbil.ir/" "Mozilla/5.0 (Windows NT 6.3; Win64; x64) AppleWebKit/537.36 (KHTML, like Gecko) Chrome/71.0.3578.98 Safari/537.36" "-"
31.56.96.51 - - [22/Jan/2019:03:58:27 +0330] "GET /settings/logo HTTP/1.1" 200 4120 "https://www.zanbil.ir/m/product/28821/57721/%DA%AF%D9%88%D8%B4%DB%8C-%D9%85%D9%88%D8%A8%D8%A7%DB%8C%D9%84-%D8%A7%D9%BE%D9%84-%D9%85%D8%AF%D9%84-iPhone-7-128GB" "Mozilla/5.0 (Linux; Android 6.0; ALE-L21 Build/HuaweiALE-L21) AppleWebKit/537.36 (KHTML, like Gecko) Chrome/66.0.3359.158 Mobile Safari/537.36" "-"
89.47.79.75 - - [22/Jan/2019:03:58:27 +0330] "GET /static/bundle-bundle_site_head.css HTTP/1.1" 200 55531 "https://www.zanbil.ir/" "Mozilla/5.0 (Windows NT 6.3; Win64; x64) AppleWebKit/537.36 (KHTML, like Gecko) Chrome/71.0.3578.98 Safari/537.36" "-"
89.47.79.75 - - [22/Jan/2019:03:58:28 +0330] "GET /settings/logo HTTP/1.1" 200 4120 "https://www.zanbil.ir/" "Mozilla/5.0 (Windows NT 6.3; Win64; x64) AppleWebKit/537.36 (KHTML, like Gecko) Chrome/71.0.3578.98 Safari/537.36" "-"
31.56.96.51 - - [22/Jan/2019:03:58:28 +0330] "GET /image/28821?name=black...jpg&wh=max HTTP/1.1" 200 21961 "https://www.zanbil.ir/m/product/28821/57721/%DA%AF%D9%88%D8%B4%DB%8C-%D9%85%D9%88%D8%A8%D8%A7%DB%8C%D9%84-%D8%A7%D9%BE%D9%84-%D9%85%D8%AF%D9%84-iPhone-7-128GB" "Mozilla/5.0 (Linux; Android 6.0; ALE-L21 Build/HuaweiALE-L21) AppleWebKit/537.36 (KHTML, like Gecko) Chrome/66.0.3359.158 Mobile Safari/537.36" "-"
89.47.79.75 - - [22/Jan/2019:03:58:28 +0330] "GET /image/8727/specialSale?role=e1 HTTP/1.1" 200 11 "https://www.zanbil.ir/" "Mozilla/5.0 (Windows NT 6.3; Win64; x64) AppleWebKit/537.36 (KHTML, like Gecko) Chrome/71.0.3578.98 Safari/537.36" "-"
89.47.79.75 - - [22/Jan/2019:03:58:28 +0330] "GET /static/css/font/wyekan/font.woff HTTP/1.1" 200 28536 "https://znbl.ir/static/bundle-bundle_site_head.css" "Mozilla/5.0 (Windows NT 6.3; Win64; x64) AppleWebKit/537.36 (KHTML, like Gecko) Chrome/71.0.3578.98 Safari/537.36" "-"
66.249.83.5 - - [22/Jan/2019:03:58:28 +0330] "GET /m/article/606/%D8%B9%D9%84%D8%AA-%D9%88-%D8%AF%D8%B1%D9%85%D8%A7%D9%86-%DA%AF%D8%B1%D8%AF%D9%86-%D8%AF%D8%B1%D8%AF-%28%D9%87%D9%85%D8%B1%D8%A7%D9%87-%D8%B3%D8%B1%D8%AF%D8%B1%D8%AF-%D9%88-%D8%B3%D8%B1%DA%AF%DB%8C%D8%AC%D9%87%29 HTTP/1.1" 200 24561 "-" "Mozilla/5.0 (Linux; Android 4.2.1; en-us; Nexus 5 Build/JOP40D) AppleWebKit/535.19 (KHTML, like Gecko; googleweblight) Chrome/38.0.1025.166 Mobile Safari/535.19" "103.28.132.65"
89.47.79.75 - - [22/Jan/2019:03:58:28 +0330] "GET /image/8727/specialSale?role=e2 HTTP/1.1" 200 11 "https://www.zanbil.ir/" "Mozilla/5.0 (Windows NT 6.3; Win64; x64) AppleWebKit/537.36 (KHTML, like Gecko) Chrome/71.0.3578.98 Safari/537.36" "-"
89.47.79.75 - - [22/Jan/2019:03:58:28 +0330] "GET /image/8727/specialSale?role=e3 HTTP/1.1" 200 11 "https://www.zanbil.ir/" "Mozilla/5.0 (Windows NT 6.3; Win64; x64) AppleWebKit/537.36 (KHTML, like Gecko) Chrome/71.0.3578.98 Safari/537.36" "-"
31.56.96.51 - - [22/Jan/2019:03:58:28 +0330] "GET /image/28821?name=silver-select....-.jpg&wh=max HTTP/1.1" 200 23105 "https://www.zanbil.ir/m/product/28821/57721/%DA%AF%D9%88%D8%B4%DB%8C-%D9%85%D9%88%D8%A8%D8%A7%DB%8C%D9%84-%D8%A7%D9%BE%D9%84-%D9%85%D8%AF%D9%84-iPhone-7-128GB" "Mozilla/5.0 (Linux; Android 6.0; ALE-L21 Build/HuaweiALE-L21) AppleWebKit/537.36 (KHTML, like Gecko) Chrome/66.0.3359.158 Mobile Safari/537.36" "-"
130.185.74.243 - - [22/Jan/2019:03:58:28 +0330] "GET /filter/stexists,p12595?page=1 HTTP/1.1" 200 29898 "-" "Mozilla/5.0 (Windows NT 6.1; rv:42.0) Gecko/20100101 Firefox/42.0" "-"
66.249.66.91 - - [22/Jan/2019:03:58:28 +0330] "GET /filter/b656%2Cb703%2Cb32%2Cb67%2Cb226%2Cb41%2Cb598%2Cb168%2Cb723%2Cb597%2Cb88%2Cb548%2Cb6%2Cb679%2Cb215%2Cb105%2Cb194%2Cb74%2Cb542%2Cb35%2Cb113%2Cb820%2Cb574%2Cb442%2Cb645%2Cb724%2Cb118%2Cb482%2Cb400%2Cb95%2Cb135%2Cb249%2Cb221%2Cb523%2Cb854%2Cb126%2Cstexists%2Cb216%2Cb217%2Cb152%2Cb99%2Cb188%2Cb209%2Cb192%2Cb213%2Cb136%2Cb218%2Cb4%2Cb648%2Cb454%2Cb435%2Cb261%2Cb147?page=53 HTTP/1.1" 200 41179 "-" "Mozilla/5.0 (compatible; Googlebot/2.1; +http://www.google.com/bot.html)" "-"
91.99.72.15 - - [22/Jan/2019:03:58:28 +0330] "GET /product/1371?model=3189 HTTP/1.1" 200 39581 "-" "Mozilla/5.0 (Macintosh; Intel Mac OS X 10_7_3) AppleWebKit/534.55.3 (KHTML, like Gecko) Version/5.1.3 Safari/534.53.10" "-"
66.249.66.91 - - [22/Jan/2019:03:58:29 +0330] "GET /filter/b481%2Cb43%2Cb874%2Cb32%2Cb67%2Cb36%2Cb226%2Cb41%2Cb136%2Cb570%2Cb615%2Cb168%2Cb648%2Cb148%2Cb80%2Cb213%2Cb597%2Cb724%2Cb613%2Cb5%2Cb135%2Cb877%2Cb183%2Cb497%2Cb435%2Cb194%2Cb1%2Cb861%2Cb256%2Cb854%2Cb198%2Cb656%2Cb647%2Cb679%2Cb3%2Cb202%2Cb20%2Cb542%2Cb723%2Cb482%2Cb212%2Cb573%2Cb441%2Cb35%2Cb546%2Cb400%2Cb879%2Cb8%2Cb151%2Cb485%2Cb219%2Cb238?page=2 HTTP/1.1" 200 39828 "-" "Mozilla/5.0 (compatible; Googlebot/2.1; +http://www.google.com/bot.html)" "-"
66.249.83.91 - - [22/Jan/2019:03:58:29 +0330] "GET /static/images/guarantees/goodShopping.png HTTP/1.1" 200 6496 "https://www.zanbil.ir/m/article/606/%D8%B9%D9%84%D8%AA-%D9%88-%D8%AF%D8%B1%D9%85%D8%A7%D9%86-%DA%AF%D8%B1%D8%AF%D9%86-%D8%AF%D8%B1%D8%AF-%28%D9%87%D9%85%D8%B1%D8%A7%D9%87-%D8%B3%D8%B1%D8%AF%D8%B1%D8%AF-%D9%88-%D8%B3%D8%B1%DA%AF%DB%8C%D8%AC%D9%87%29" "Mozilla/5.0 (Linux; Android 4.2.1; en-us; Nexus 5 Build/JOP40D) AppleWebKit/535.19 (KHTML, like Gecko; googleweblight) Chrome/38.0.1025.166 Mobile Safari/535.19" "103.28.132.65"
66.249.66.91 - - [22/Jan/2019:03:58:29 +0330] "GET /image/27950/productModel/150x150 HTTP/1.1" 200 3847 "-" "Googlebot-Image/1.0" "-"
66.249.83.93 - - [22/Jan/2019:03:58:29 +0330] "GET /static/images/guarantees/bestPrice.png HTTP/1.1" 200 7356 "https://www.zanbil.ir/m/article/606/%D8%B9%D9%84%D8%AA-%D9%88-%D8%AF%D8%B1%D9%85%D8%A7%D9%86-%DA%AF%D8%B1%D8%AF%D9%86-%D8%AF%D8%B1%D8%AF-%28%D9%87%D9%85%D8%B1%D8%A7%D9%87-%D8%B3%D8%B1%D8%AF%D8%B1%D8%AF-%D9%88-%D8%B3%D8%B1%DA%AF%DB%8C%D8%AC%D9%87%29" "Mozilla/5.0 (Linux; Android 4.2.1; en-us; Nexus 5 Build/JOP40D) AppleWebKit/535.19 (KHTML, like Gecko; googleweblight) Chrome/38.0.1025.166 Mobile Safari/535.19" "103.28.132.65"
66.249.83.92 - - [22/Jan/2019:03:58:29 +0330] "GET /static/images/guarantees/fastDelivery.png HTTP/1.1" 200 7713 "https://www.zanbil.ir/m/article/606/%D8%B9%D9%84%D8%AA-%D9%88-%D8%AF%D8%B1%D9%85%D8%A7%D9%86-%DA%AF%D8%B1%D8%AF%D9%86-%D8%AF%D8%B1%D8%AF-%28%D9%87%D9%85%D8%B1%D8%A7%D9%87-%D8%B3%D8%B1%D8%AF%D8%B1%D8%AF-%D9%88-%D8%B3%D8%B1%DA%AF%DB%8C%D8%AC%D9%87%29" "Mozilla/5.0 (Linux; Android 4.2.1; en-us; Nexus 5 Build/JOP40D) AppleWebKit/535.19 (KHTML, like Gecko; googleweblight) Chrome/38.0.1025.166 Mobile Safari/535.19" "103.28.132.65"
66.249.83.91 - - [22/Jan/2019:03:58:29 +0330] "GET /static/images/guarantees/support.png HTTP/1.1" 200 6454 "https://www.zanbil.ir/m/article/606/%D8%B9%D9%84%D8%AA-%D9%88-%D8%AF%D8%B1%D9%85%D8%A7%D9%86-%DA%AF%D8%B1%D8%AF%D9%86-%D8%AF%D8%B1%D8%AF-%28%D9%87%D9%85%D8%B1%D8%A7%D9%87-%D8%B3%D8%B1%D8%AF%D8%B1%D8%AF-%D9%88-%D8%B3%D8%B1%DA%AF%DB%8C%D8%AC%D9%87%29" "Mozilla/5.0 (Linux; Android 4.2.1; en-us; Nexus 5 Build/JOP40D) AppleWebKit/535.19 (KHTML, like Gecko; googleweblight) Chrome/38.0.1025.166 Mobile Safari/535.19" "103.28.132.65"
66.249.83.92 - - [22/Jan/2019:03:58:29 +0330] "GET /static/images/guarantees/warranty.png HTTP/1.1" 200 5807 "https://www.zanbil.ir/m/article/606/%D8%B9%D9%84%D8%AA-%D9%88-%D8%AF%D8%B1%D9%85%D8%A7%D9%86-%DA%AF%D8%B1%D8%AF%D9%86-%D8%AF%D8%B1%D8%AF-%28%D9%87%D9%85%D8%B1%D8%A7%D9%87-%D8%B3%D8%B1%D8%AF%D8%B1%D8%AF-%D9%88-%D8%B3%D8%B1%DA%AF%DB%8C%D8%AC%D9%87%29" "Mozilla/5.0 (Linux; Android 4.2.1; en-us; Nexus 5 Build/JOP40D) AppleWebKit/535.19 (KHTML, like Gecko; googleweblight) Chrome/38.0.1025.166 Mobile Safari/535.19" "103.28.132.65"
130.185.74.243 - - [22/Jan/2019:03:58:29 +0330] "GET /filter/stexists,p12595?page=2 HTTP/1.1" 200 29898 "-" "Mozilla/5.0 (Windows NT 6.1; rv:42.0) Gecko/20100101 Firefox/42.0" "-"
54.36.148.143 - - [22/Jan/2019:03:58:29 +0330] "GET /filter/www.zanbil.ir%2Cb879 HTTP/1.1" 200 35627 "-" "Mozilla/5.0 (compatible; AhrefsBot/6.1; +http://ahrefs.com/robot/)" "-"
66.249.83.7 - - [22/Jan/2019:03:58:29 +0330] "GET /settings/logo HTTP/1.1" 200 4120 "https://www.zanbil.ir/m/article/606/%D8%B9%D9%84%D8%AA-%D9%88-%D8%AF%D8%B1%D9%85%D8%A7%D9%86-%DA%AF%D8%B1%D8%AF%D9%86-%D8%AF%D8%B1%D8%AF-%28%D9%87%D9%85%D8%B1%D8%A7%D9%87-%D8%B3%D8%B1%D8%AF%D8%B1%D8%AF-%D9%88-%D8%B3%D8%B1%DA%AF%DB%8C%D8%AC%D9%87%29" "Mozilla/5.0 (Linux; Android 4.2.1; en-us; Nexus 5 Build/JOP40D) AppleWebKit/535.19 (KHTML, like Gecko; googleweblight) Chrome/38.0.1025.166 Mobile Safari/535.19" "103.28.132.65"
66.249.66.91 - - [22/Jan/2019:03:58:29 +0330] "GET /image/28881?name=img_7932.png&wh=200x200 HTTP/1.1" 200 24136 "-" "Googlebot-Image/1.0" "-"
66.249.83.91 - - [22/Jan/2019:03:58:29 +0330] "GET /image/get?path=/Image/x2l8ghv3.jpg HTTP/1.1" 200 23903 "https://www.zanbil.ir/m/article/606/%D8%B9%D9%84%D8%AA-%D9%88-%D8%AF%D8%B1%D9%85%D8%A7%D9%86-%DA%AF%D8%B1%D8%AF%D9%86-%D8%AF%D8%B1%D8%AF-%28%D9%87%D9%85%D8%B1%D8%A7%D9%87-%D8%B3%D8%B1%D8%AF%D8%B1%D8%AF-%D9%88-%D8%B3%D8%B1%DA%AF%DB%8C%D8%AC%D9%87%29" "Mozilla/5.0 (Linux; Android 4.2.1; en-us; Nexus 5 Build/JOP40D) AppleWebKit/535.19 (KHTML, like Gecko; googleweblight) Chrome/38.0.1025.166 Mobile Safari/535.19" "103.28.132.65"
66.249.66.194 - - [22/Jan/2019:03:58:30 +0330] "GET /m/browse/sandwich-maker HTTP/1.1" 200 18924 "-" "Mozilla/5.0 (Linux; Android 6.0.1; Nexus 5X Build/MMB29P) AppleWebKit/537.36 (KHTML, like Gecko) Chrome/41.0.2272.96 Mobile Safari/537.36 (compatible; Googlebot/2.1; +http://www.google.com/bot.html)" "-"
89.47.79.75 - - [22/Jan/2019:03:58:30 +0330] "GET /site/enamad HTTP/1.1" 200 278 "https://www.zanbil.ir/" "Mozilla/5.0 (Windows NT 6.3; Win64; x64) AppleWebKit/537.36 (KHTML, like Gecko) Chrome/71.0.3578.98 Safari/537.36" "-"
172.20.2.174 - - [22/Jan/2019:03:58:30 +0330] "GET /site/ping HTTP/1.1" 200 4 "-" "-" "-"
5.211.97.39 - - [22/Jan/2019:03:58:30 +0330] "GET /m/browse/mixer/%D9%87%D9%85%D8%B2%D9%86 HTTP/1.1" 200 19528 "https://www.zanbil.ir/m/browse/food-preparation/%D8%A2%D9%85%D8%A7%D8%AF%D9%87-%D8%B3%D8%A7%D8%B2%DB%8C-%D8%BA%D8%B0%D8%A7" "Mozilla/5.0 (iPhone; CPU iPhone OS 10_3_2 like Mac OS X) AppleWebKit/603.2.4 (KHTML, like Gecko) Version/10.0 Mobile/14F89 Safari/602.1" "-"
66.249.83.92 - - [22/Jan/2019:03:58:30 +0330] "GET /static/images/amp/blog.png HTTP/1.1" 200 3863 "https://www.zanbil.ir/m/article/606/%D8%B9%D9%84%D8%AA-%D9%88-%D8%AF%D8%B1%D9%85%D8%A7%D9%86-%DA%AF%D8%B1%D8%AF%D9%86-%D8%AF%D8%B1%D8%AF-%28%D9%87%D9%85%D8%B1%D8%A7%D9%87-%D8%B3%D8%B1%D8%AF%D8%B1%D8%AF-%D9%88-%D8%B3%D8%B1%DA%AF%DB%8C%D8%AC%D9%87%29" "Mozilla/5.0 (Linux; Android 4.2.1; en-us; Nexus 5 Build/JOP40D) AppleWebKit/535.19 (KHTML, like Gecko; googleweblight) Chrome/38.0.1025.166 Mobile Safari/535.19" "103.28.132.65"
66.249.83.92 - - [22/Jan/2019:03:58:30 +0330] "GET /static/images/amp/telegram.png HTTP/1.1" 200 4859 "https://www.zanbil.ir/m/article/606/%D8%B9%D9%84%D8%AA-%D9%88-%D8%AF%D8%B1%D9%85%D8%A7%D9%86-%DA%AF%D8%B1%D8%AF%D9%86-%D8%AF%D8%B1%D8%AF-%28%D9%87%D9%85%D8%B1%D8%A7%D9%87-%D8%B3%D8%B1%D8%AF%D8%B1%D8%AF-%D9%88-%D8%B3%D8%B1%DA%AF%DB%8C%D8%AC%D9%87%29" "Mozilla/5.0 (Linux; Android 4.2.1; en-us; Nexus 5 Build/JOP40D) AppleWebKit/535.19 (KHTML, like Gecko; googleweblight) Chrome/38.0.1025.166 Mobile Safari/535.19" "103.28.132.65"
89.47.79.75 - - [22/Jan/2019:03:58:30 +0330] "GET /site/alexaGooleAnalitic HTTP/1.1" 200 323 "https://www.zanbil.ir/" "Mozilla/5.0 (Windows NT 6.3; Win64; x64) AppleWebKit/537.36 (KHTML, like Gecko) Chrome/71.0.3578.98 Safari/537.36" "-"
5.211.97.39 - - [22/Jan/2019:03:58:30 +0330] "GET /settings/logo HTTP/1.1" 200 4120 "https://www.zanbil.ir/m/browse/mixer/%D9%87%D9%85%D8%B2%D9%86" "Mozilla/5.0 (iPhone; CPU iPhone OS 10_3_2 like Mac OS X) AppleWebKit/603.2.4 (KHTML, like Gecko) Version/10.0 Mobile/14F89 Safari/602.1" "-"
66.249.83.93 - - [22/Jan/2019:03:58:30 +0330] "GET /static/images/amp/third-party/footer-mobile.png HTTP/1.1" 200 62894 "https://www.zanbil.ir/m/article/606/%D8%B9%D9%84%D8%AA-%D9%88-%D8%AF%D8%B1%D9%85%D8%A7%D9%86-%DA%AF%D8%B1%D8%AF%D9%86-%D8%AF%D8%B1%D8%AF-%28%D9%87%D9%85%D8%B1%D8%A7%D9%87-%D8%B3%D8%B1%D8%AF%D8%B1%D8%AF-%D9%88-%D8%B3%D8%B1%DA%AF%DB%8C%D8%AC%D9%87%29" "Mozilla/5.0 (Linux; Android 4.2.1; en-us; Nexus 5 Build/JOP40D) AppleWebKit/535.19 (KHTML, like Gecko; googleweblight) Chrome/38.0.1025.166 Mobile Safari/535.19" "103.28.132.65"
5.211.97.39 - - [22/Jan/2019:03:58:30 +0330] "GET /image/62017/productModel/200x200 HTTP/1.1" 200 4276 "https://www.zanbil.ir/m/browse/mixer/%D9%87%D9%85%D8%B2%D9%86" "Mozilla/5.0 (iPhone; CPU iPhone OS 10_3_2 like Mac OS X) AppleWebKit/603.2.4 (KHTML, like Gecko) Version/10.0 Mobile/14F89 Safari/602.1" "-"
5.211.97.39 - - [22/Jan/2019:03:58:30 +0330] "HEAD /amp_preconnect_polyfill_404_or_other_error_expected._Do_not_worry_about_it?1548117180000 HTTP/1.1" 404 0 "https://www.zanbil.ir/m/browse/mixer/%D9%87%D9%85%D8%B2%D9%86" "Mozilla/5.0 (iPhone; CPU iPhone OS 10_3_2 like Mac OS X) AppleWebKit/603.2.4 (KHTML, like Gecko) Version/10.0 Mobile/14F89 Safari/602.1" "-"
91.99.72.15 - - [22/Jan/2019:03:58:30 +0330] "GET /product/4532?model=2605 HTTP/1.1" 200 40620 "-" "Mozilla/5.0 (Macintosh; Intel Mac OS X 10_7_3) AppleWebKit/534.55.3 (KHTML, like Gecko) Version/5.1.3 Safari/534.53.10" "-"
66.249.83.93 - - [22/Jan/2019:03:58:30 +0330] "GET /static/images/amp/instagram.png HTTP/1.1" 200 7146 "https://www.zanbil.ir/m/article/606/%D8%B9%D9%84%D8%AA-%D9%88-%D8%AF%D8%B1%D9%85%D8%A7%D9%86-%DA%AF%D8%B1%D8%AF%D9%86-%D8%AF%D8%B1%D8%AF-%28%D9%87%D9%85%D8%B1%D8%A7%D9%87-%D8%B3%D8%B1%D8%AF%D8%B1%D8%AF-%D9%88-%D8%B3%D8%B1%DA%AF%DB%8C%D8%AC%D9%87%29" "Mozilla/5.0 (Linux; Android 4.2.1; en-us; Nexus 5 Build/JOP40D) AppleWebKit/535.19 (KHTML, like Gecko; googleweblight) Chrome/38.0.1025.166 Mobile Safari/535.19" "103.28.132.65"
5.211.97.39 - - [22/Jan/2019:03:58:30 +0330] "GET /image/63609/productModel/200x200 HTTP/1.1" 200 4138 "https://www.zanbil.ir/m/browse/mixer/%D9%87%D9%85%D8%B2%D9%86" "Mozilla/5.0 (iPhone; CPU iPhone OS 10_3_2 like Mac OS X) AppleWebKit/603.2.4 (KHTML, like Gecko) Version/10.0 Mobile/14F89 Safari/602.1" "-"
5.211.97.39 - - [22/Jan/2019:03:58:30 +0330] "GET /image/60895/productModel/200x200 HTTP/1.1" 200 5259 "https://www.zanbil.ir/m/browse/mixer/%D9%87%D9%85%D8%B2%D9%86" "Mozilla/5.0 (iPhone; CPU iPhone OS 10_3_2 like Mac OS X) AppleWebKit/603.2.4 (KHTML, like Gecko) Version/10.0 Mobile/14F89 Safari/602.1" "-"
5.211.97.39 - - [22/Jan/2019:03:58:30 +0330] "GET /image/11729/productModel/200x200 HTTP/1.1" 200 4156 "https://www.zanbil.ir/m/browse/mixer/%D9%87%D9%85%D8%B2%D9%86" "Mozilla/5.0 (iPhone; CPU iPhone OS 10_3_2 like Mac OS X) AppleWebKit/603.2.4 (KHTML, like Gecko) Version/10.0 Mobile/14F89 Safari/602.1" "-"
66.249.66.194 - - [22/Jan/2019:03:58:30 +0330] "GET /m/filter/b103,b105,b126,b136,b143,b148,b151,b152,b183,b185,b188,b19,b194,b198,b20,b202,b209,b212,b213,b219,b22,b221,b226,b236,b238,b249,b256,b270,b308,b35,b36,b4,b400,b42,b481,b485,b497,b523,b542,b546,b568,b570,b596,b597,b6,b613,b647,b651,b701,b703,b723,b74,b80,b820,b877,b88,b880,b883,b890,b900,b903,b95,b99 HTTP/1.1" 200 27766 "-" "Mozilla/5.0 (Linux; Android 6.0.1; Nexus 5X Build/MMB29P) AppleWebKit/537.36 (KHTML, like Gecko) Chrome/41.0.2272.96 Mobile Safari/537.36 (compatible; Googlebot/2.1; +http://www.google.com/bot.html)" "-"
5.211.97.39 - - [22/Jan/2019:03:58:30 +0330] "GET /image/55698/productModel/200x200 HTTP/1.1" 200 5062 "https://www.zanbil.ir/m/browse/mixer/%D9%87%D9%85%D8%B2%D9%86" "Mozilla/5.0 (iPhone; CPU iPhone OS 10_3_2 like Mac OS X) AppleWebKit/603.2.4 (KHTML, like Gecko) Version/10.0 Mobile/14F89 Safari/602.1" "-"
5.211.97.39 - - [22/Jan/2019:03:58:31 +0330] "GET /image/190/productTypeType HTTP/1.1" 200 10835 "https://www.zanbil.ir/m/browse/mixer/%D9%87%D9%85%D8%B2%D9%86" "Mozilla/5.0 (iPhone; CPU iPhone OS 10_3_2 like Mac OS X) AppleWebKit/603.2.4 (KHTML, like Gecko) Version/10.0 Mobile/14F89 Safari/602.1" "-"
