66.249.66.194 - - [22/Jan/2019:03:57:11 +0330] "GET /filter/b36,p3 HTTP/1.1" 200 35145 "-" "Mozilla/5.0 (compatible; Googlebot/2.1; +http://www.google.com/bot.html)" "-"
66.249.66.91 - - [22/Jan/2019:03:57:11 +0330] "GET /filter/b481%2Cb226%2Cb570%2Cb80%2Cb270%2Cb903%2Cb883%2Cb152%2Cb249%2Cb20%2Cb701%2Cb723%2Cb42%2Cb198%2Cb35%2Cb183%2Cb219%2Cb308%2Cb126%2Cb523%2Cb900%2Cb188%2Cb703%2Cb890%2Cb236%2Cb74%2Cb400%2Cb209%2Cb19%2Cb454%2Cb651%2Cb202%2Cb4%2Cb22%2Cb238%2Cb6%2Cb596%2Cb143%2Cb877%2Cb485%2Cb221%2Cb194%2Cb136%2Cb647%2Cb497%2Cb546%2Cb105%2Cb185%2Cb568%2Cb151%2Cb88%2Cb43%2Cb597%2Cb103%2Cb613%2Cb880%2Cb212%2Cb861%2Cb148%2Cb135%2Cb186%2Cb778%2Cb113%2Cb99%2Cb584%2Cb724?page=177 HTTP/1.1" 200 41875 "-" "Mozilla/5.0 (compatible; Googlebot/2.1; +http://www.google.com/bot.html)" "-"
46.224.77.32 - - [22/Jan/2019:03:57:11 +0330] "GET /image/3565?name=code+1129.jpg&wh=200x200 HTTP/1.1" 200 5002 "-" "Dalvik/1.6.0 (Linux; U; Android 4.2.2; HUAWEI G730-U10 Build/HuaweiG730-U10)" "-"
46.224.77.32 - - [22/Jan/2019:03:57:12 +0330] "GET /image/31356?name=5000.jpg&wh=200x200 HTTP/1.1" 200 5362 "-" "Dalvik/1.6.0 (Linux; U; Android 4.2.2; HUAWEI G730-U10 Build/HuaweiG730-U10)" "-"
207.46.13.104 - - [22/Jan/2019:03:57:12 +0330] "GET /filter/b183,b95 HTTP/1.1" 200 36935 "-" "Mozilla/5.0 (compatible; bingbot/2.0; +http://www.bing.com/bingbot.htm)" "-"
66.249.66.194 - - [22/Jan/2019:03:57:12 +0330] "GET /m/filter/b2%2Cp1 HTTP/1.1" 200 21244 "-" "Mozilla/5.0 (Linux; Android 6.0.1; Nexus 5X Build/MMB29P) AppleWebKit/537.36 (KHTML, like Gecko) Chrome/41.0.2272.96 Mobile Safari/537.36 (compatible; Googlebot/2.1; +http://www.google.com/bot.html)" "-"
46.224.77.32 - - [22/Jan/2019:03:57:12 +0330] "GET /image/20123?name=janome-8200-w.jpg&wh=200x200 HTTP/1.1" 200 4407 "-" "Dalvik/1.6.0 (Linux; U; Android 4.2.2; HUAWEI G730-U10 Build/HuaweiG730-U10)" "-"
204.18.198.248 - - [22/Jan/2019:03:57:12 +0330] "GET /image/2498/productModel/150x150 HTTP/1.1" 200 3307 "https://www.zanbil.ir/m/product/30782/60550/%DA%A9%D8%AA%D8%B1%DB%8C-%D8%A8%D8%B1%D9%82%DB%8C-%DA%AF%D8%A7%D8%B3%D8%AA%D8%B1%D9%88%D8%A8%DA%A9-%D9%85%D8%AF%D9%84-42420" "Mozilla/5.0 (iPhone; CPU iPhone OS 12_1 like Mac OS X) AppleWebKit/605.1.15 (KHTML, like Gecko) Version/12.0 Mobile/15E148 Safari/604.1" "-"
204.18.198.248 - - [22/Jan/2019:03:57:13 +0330] "GET /image/63530/productModel/150x150 HTTP/1.1" 200 4079 "https://www.zanbil.ir/m/product/30782/60550/%DA%A9%D8%AA%D8%B1%DB%8C-%D8%A8%D8%B1%D9%82%DB%8C-%DA%AF%D8%A7%D8%B3%D8%AA%D8%B1%D9%88%D8%A8%DA%A9-%D9%85%D8%AF%D9%84-42420" "Mozilla/5.0 (iPhone; CPU iPhone OS 12_1 like Mac OS X) AppleWebKit/605.1.15 (KHTML, like Gecko) Version/12.0 Mobile/15E148 Safari/604.1" "-"
66.249.66.194 - - [22/Jan/2019:03:57:13 +0330] "GET /m/filter/b103,b105,b118,b135,b148,b151,b168,b180,b185,b2,b226,b261,b32,b321,b35,b42,b43,b441,b454,b481,b484,b5,b523,b542,b568,b570,b573,b597,b598,b6,b613,b615,b619,b63,b647,b648,b656,b703,b723,b734,b8,b861,b874,b877,b95,b99 HTTP/1.1" 200 26788 "-" "Mozilla/5.0 (Linux; Android 6.0.1; Nexus 5X Build/MMB29P) AppleWebKit/537.36 (KHTML, like Gecko) Chrome/41.0.2272.96 Mobile Safari/537.36 (compatible; Googlebot/2.1; +http://www.google.com/bot.html)" "-"
51.15.15.54 - - [22/Jan/2019:03:57:13 +0330] "GET /blog/tag/%D8%AE%D9%88%D8%A7%D8%A8/ HTTP/1.1" 200 21287 "-" "Barkrowler/0.9 (+http://www.exensa.com/crawl)" "-"
204.18.198.248 - - [22/Jan/2019:03:57:14 +0330] "GET /image/14/productType/120x90 HTTP/1.1" 200 14440 "https://www.zanbil.ir/m/product/30782/60550/%DA%A9%D8%AA%D8%B1%DB%8C-%D8%A8%D8%B1%D9%82%DB%8C-%DA%AF%D8%A7%D8%B3%D8%AA%D8%B1%D9%88%D8%A8%DA%A9-%D9%85%D8%AF%D9%84-42420" "Mozilla/5.0 (iPhone; CPU iPhone OS 12_1 like Mac OS X) AppleWebKit/605.1.15 (KHTML, like Gecko) Version/12.0 Mobile/15E148 Safari/604.1" "-"
66.249.66.194 - - [22/Jan/2019:03:57:14 +0330] "GET /product/25958/59518/%D8%A7%D8%AA%D9%88-%D8%A8%D8%AE%D8%A7%D8%B1-%D9%BE%D8%A7%D8%B1%D8%B3-%D8%AE%D8%B2%D8%B1-%D9%85%D8%AF%D9%84-SI-602 HTTP/1.1" 302 0 "-" "Mozilla/5.0 (Linux; Android 6.0.1; Nexus 5X Build/MMB29P) AppleWebKit/537.36 (KHTML, like Gecko) Chrome/41.0.2272.96 Mobile Safari/537.36 (compatible; Googlebot/2.1; +http://www.google.com/bot.html)" "-"
66.249.66.194 - - [22/Jan/2019:03:57:14 +0330] "GET /m/browse/stove-and-oven/%D8%A7%D8%AC%D8%A7%D9%82-%DA%AF%D8%A7%D8%B2-%D9%85%D8%A8%D9%84%D9%87 HTTP/1.1" 200 19242 "-" "Mozilla/5.0 (Linux; Android 6.0.1; Nexus 5X Build/MMB29P) AppleWebKit/537.36 (KHTML, like Gecko) Chrome/41.0.2272.96 Mobile Safari/537.36 (compatible; Googlebot/2.1; +http://www.google.com/bot.html)" "-"
54.36.149.58 - - [22/Jan/2019:03:57:14 +0330] "GET /filter/p10280%2Cv1%7C%D8%B7%D9%88%D8%B3%DB%8C%20%D9%86%D9%82%D8%B1%D9%87%20%D8%A7%DB%8C%2Cv1%7C%D8%B3%D9%81%DB%8C%D8%AF.?o=v1 HTTP/1.1" 302 0 "-" "Mozilla/5.0 (compatible; AhrefsBot/6.1; +http://ahrefs.com/robot/)" "-"
66.249.66.194 - - [22/Jan/2019:03:57:15 +0330] "GET /m/product/25958/59518/%D8%A7%D8%AA%D9%88-%D8%A8%D8%AE%D8%A7%D8%B1-%D9%BE%D8%A7%D8%B1%D8%B3-%D8%AE%D8%B2%D8%B1-%D9%85%D8%AF%D9%84-SI-602 HTTP/1.1" 200 21178 "-" "Mozilla/5.0 (Linux; Android 6.0.1; Nexus 5X Build/MMB29P) AppleWebKit/537.36 (KHTML, like Gecko) Chrome/41.0.2272.96 Mobile Safari/537.36 (compatible; Googlebot/2.1; +http://www.google.com/bot.html)" "-"
5.211.97.39 - - [22/Jan/2019:03:57:15 +0330] "GET /m/filter/p25%2Cb103%2Cb50 HTTP/1.1" 200 19244 "https://www.zanbil.ir/m/filter/p25%2Cb103" "Mozilla/5.0 (iPhone; CPU iPhone OS 10_3_2 like Mac OS X) AppleWebKit/603.2.4 (KHTML, like Gecko) Version/10.0 Mobile/14F89 Safari/602.1" "-"
5.211.97.39 - - [22/Jan/2019:03:57:16 +0330] "GET /settings/logo HTTP/1.1" 200 4120 "https://www.zanbil.ir/m/filter/p25%2Cb103%2Cb50" "Mozilla/5.0 (iPhone; CPU iPhone OS 10_3_2 like Mac OS X) AppleWebKit/603.2.4 (KHTML, like Gecko) Version/10.0 Mobile/14F89 Safari/602.1" "-"
5.211.97.39 - - [22/Jan/2019:03:57:16 +0330] "GET /image/64291/productModel/200x200 HTTP/1.1" 200 5735 "https://www.zanbil.ir/m/filter/p25%2Cb103%2Cb50" "Mozilla/5.0 (iPhone; CPU iPhone OS 10_3_2 like Mac OS X) AppleWebKit/603.2.4 (KHTML, like Gecko) Version/10.0 Mobile/14F89 Safari/602.1" "-"
5.211.97.39 - - [22/Jan/2019:03:57:16 +0330] "HEAD /amp_preconnect_polyfill_404_or_other_error_expected._Do_not_worry_about_it?1548117000000 HTTP/1.1" 404 0 "https://www.zanbil.ir/m/filter/p25%2Cb103%2Cb50" "Mozilla/5.0 (iPhone; CPU iPhone OS 10_3_2 like Mac OS X) AppleWebKit/603.2.4 (KHTML, like Gecko) Version/10.0 Mobile/14F89 Safari/602.1" "-"
17.58.102.43 - - [22/Jan/2019:03:57:16 +0330] "GET /filter/b571%2Cb288%2Cb70%2Cb365%2Cb383%2Cb296%2Cb346%2Cb258%2Cb92%2Cb153%2Cb512%2Cb215%2Cb132%2Cb451%2Cb554%2Cb431%2Cb523%2Cb321%2Cb183 HTTP/1.1" 200 38524 "-" "Mozilla/5.0 (Macintosh; Intel Mac OS X 10_10_1) AppleWebKit/600.2.5 (KHTML, like Gecko) Version/8.0.2 Safari/600.2.5 (Applebot/0.1; +http://www.apple.com/go/applebot)" "-"
5.209.200.218 - - [22/Jan/2019:03:57:16 +0330] "GET /static/images/amp/third-party/footer-mobile.png HTTP/1.1" 200 62894 "https://www.zanbil.ir/m/filter/b99%2Cp4510%2Cstexists%2Ct116" "Mozilla/5.0 (Linux; Android 5.1.1; SM-G361H Build/LMY48B) AppleWebKit/537.36 (KHTML, like Gecko) Chrome/55.0.2883.91 Mobile Safari/537.36" "-"
54.36.149.83 - - [22/Jan/2019:03:57:17 +0330] "GET /filter/p5712%2Cstnot-exists%2Cv1%7C%D8%A8%DA%98. HTTP/1.1" 200 33005 "-" "Mozilla/5.0 (compatible; AhrefsBot/6.1; +http://ahrefs.com/robot/)" "-"
66.249.66.194 - - [22/Jan/2019:03:57:17 +0330] "GET /m/filter/b105,b113,b118,b126,b135,b136,b152,b168,b188,b192,b194,b209,b215,b216,b217,b218,b221,b226,b249,b258,b270,b35,b4,b400,b41,b435,b442,b454,b482,b523,b542,b548,b574,b597,b598,b6,b645,b648,b656,b67,b679,b703,b723,b724,b74,b820,b854,b88,b880,b95,b99,stexists HTTP/1.1" 200 26698 "-" "Mozilla/5.0 (Linux; Android 6.0.1; Nexus 5X Build/MMB29P) AppleWebKit/537.36 (KHTML, like Gecko) Chrome/41.0.2272.96 Mobile Safari/537.36 (compatible; Googlebot/2.1; +http://www.google.com/bot.html)" "-"
66.249.66.91 - - [22/Jan/2019:03:57:18 +0330] "GET /filter/b874%2Cb32%2Cb63%2Cb99%2Cb126%2Cb820%2Cb249%2Cb3%2Cb148%2Cb724%2Cb613%2Cb183%2Cb213%2Cb484%2Cb224%2Cb734%2Cb20%2Cb95%2Cb219%2Cb542%2Cb212%2Cb485%2Cb523%2Cb221%2Cb118%2Cb186%2Cb67?page=127 HTTP/1.1" 200 37294 "-" "Mozilla/5.0 (compatible; Googlebot/2.1; +http://www.google.com/bot.html)" "-"
17.58.102.43 - - [22/Jan/2019:03:57:18 +0330] "GET /filter?f=b571%2Cb288%2Cb70%2Cb57%2Cb226%2Cb259%2Cb202%2Cb212%2Cb216%2Cb335%2Cb35%2Cb397%2Cb190%2Cb581%2Cb333%2Cb715&o=b HTTP/1.1" 302 0 "-" "Mozilla/5.0 (Macintosh; Intel Mac OS X 10_10_1) AppleWebKit/600.2.5 (KHTML, like Gecko) Version/8.0.2 Safari/600.2.5 (Applebot/0.1; +http://www.apple.com/go/applebot)" "-"
66.249.66.91 - - [22/Jan/2019:03:57:19 +0330] "GET /filter/b481%2Cb226%2Cb570%2Cb80%2Cb270%2Cb903%2Cb883%2Cb99%2Cb152%2Cb249%2Cb20%2Cb701%2Cb723%2Cb42%2Cb198%2Cb35%2Cb183%2Cb219%2Cb308%2Cb126%2Cb523%2Cb900%2Cb188%2Cb703%2Cb890%2Cb148%2Cb236%2Cb256%2Cb74%2Cb400%2Cb209%2Cb19%2Cb651%2Cb202%2Cb4%2Cb22%2Cb238%2Cb6%2Cb596%2Cb143%2Cb877%2Cb485%2Cb221%2Cb194%2Cb136%2Cb647%2Cb497%2Cb546%2Cb105%2Cb185%2Cb95%2Cb568%2Cb151%2Cb88%2Cb597%2Cb820%2Cb103%2Cb613%2Cb880%2Cb36%2Cb212%2Cb542%2Cb213%2Cp11671?page=10 HTTP/1.1" 200 34165 "-" "Mozilla/5.0 (compatible; Googlebot/2.1; +http://www.google.com/bot.html)" "-"
66.249.66.194 - - [22/Jan/2019:03:57:20 +0330] "GET /m/filter/b105,b126,b136,b143,b148,b151,b152,b183,b185,b186,b188,b19,b194,b198,b2,b20,b202,b209,b215,b219,b22,b226,b236,b238,b249,b270,b3,b308,b32,b35,b36,b4,b400,b41,b42,b43,b435,b454,b481,b485,b497,b546,b570,b584,b596,b597,b598,b6,b603,b614,b619,b645,b647,b648,b651,b67,b701,b723,b74,b80,b82,b820,b854,b874,b877,b878,b88,b883,b890,b900,b903,b99 HTTP/1.1" 200 28234 "-" "Mozilla/5.0 (Linux; Android 6.0.1; Nexus 5X Build/MMB29P) AppleWebKit/537.36 (KHTML, like Gecko) Chrome/41.0.2272.96 Mobile Safari/537.36 (compatible; Googlebot/2.1; +http://www.google.com/bot.html)" "-"
66.249.66.91 - - [22/Jan/2019:03:57:20 +0330] "GET /filter/b481%2Cb43%2Cb874%2Cb32%2Cb67%2Cb36%2Cb226%2Cb41%2Cb136%2Cb570%2Cb180%2Cb615%2Cb168%2Cb648%2Cb103%2Cb148%2Cb80%2Cb597%2Cb724%2Cb613%2Cb5%2Cb135%2Cb877%2Cb497%2Cb194%2Cb1%2Cb256%2Cb198%2Cb656%2Cb679%2Cb3%2Cb202%2Cb20%2Cb542%2Cb723%2Cb482%2Cb212%2Cb2%2Cb546%2Cb218%2Cb441%2Cb523%2Cb484%2Cb261%2Cb219%2Cb113?page=195 HTTP/1.1" 200 40613 "-" "Mozilla/5.0 (compatible; Googlebot/2.1; +http://www.google.com/bot.html)" "-"
17.58.102.43 - - [22/Jan/2019:03:57:21 +0330] "GET /filter/b571%2Cb288%2Cb70%2Cb57%2Cb226%2Cb259%2Cb202%2Cb212%2Cb216%2Cb335%2Cb35%2Cb397%2Cb190%2Cb581%2Cb333%2Cb715 HTTP/1.1" 200 38348 "-" "Mozilla/5.0 (Macintosh; Intel Mac OS X 10_10_1) AppleWebKit/600.2.5 (KHTML, like Gecko) Version/8.0.2 Safari/600.2.5 (Applebot/0.1; +http://www.apple.com/go/applebot)" "-"
5.209.200.218 - - [22/Jan/2019:03:57:21 +0330] "GET /m/filter/b99%2Cp4510%2Cstexists HTTP/1.1" 200 18218 "https://www.zanbil.ir/m/filter/b99%2Cp4510%2Cstexists%2Ct116" "Mozilla/5.0 (Linux; Android 5.1.1; SM-G361H Build/LMY48B) AppleWebKit/537.36 (KHTML, like Gecko) Chrome/55.0.2883.91 Mobile Safari/537.36" "-"
5.78.198.52 - - [22/Jan/2019:03:57:21 +0330] "GET /m/product/33631/64998/%DA%AF%D9%88%D8%B4%DB%8C-%D9%85%D9%88%D8%A8%D8%A7%DB%8C%D9%84-%D8%A7%D9%BE%D9%84-%D9%85%D8%AF%D9%84-iPhone-XS-256GB HTTP/1.1" 200 21673 "https://www.zanbil.ir/m/filter/p62?page=1" "Mozilla/5.0 (Linux; Android 8.0.0; SAMSUNG SM-G950F Build/R16NW) AppleWebKit/537.36 (KHTML, like Gecko) SamsungBrowser/8.2 Chrome/63.0.3239.111 Mobile Safari/537.36" "-"
34.247.132.53 - - [22/Jan/2019:03:57:22 +0330] "GET / HTTP/1.1" 200 30731 "-" "Mozilla/5.0 (Windows NT 10.0; Win64; x64) AppleWebKit/537.36 (KHTML, like Gecko) Chrome/63.0.3239.84 Safari/537.36" "-"
5.78.198.52 - - [22/Jan/2019:03:57:22 +0330] "GET /settings/logo HTTP/1.1" 200 4120 "https://www.zanbil.ir/m/product/33631/64998/%DA%AF%D9%88%D8%B4%DB%8C-%D9%85%D9%88%D8%A8%D8%A7%DB%8C%D9%84-%D8%A7%D9%BE%D9%84-%D9%85%D8%AF%D9%84-iPhone-XS-256GB" "Mozilla/5.0 (Linux; Android 8.0.0; SAMSUNG SM-G950F Build/R16NW) AppleWebKit/537.36 (KHTML, like Gecko) SamsungBrowser/8.2 Chrome/63.0.3239.111 Mobile Safari/537.36" "-"
172.20.2.174 - - [22/Jan/2019:03:57:22 +0330] "GET /site/ping HTTP/1.1" 200 4 "-" "-" "-"
5.78.198.52 - - [22/Jan/2019:03:57:23 +0330] "GET /image/33631?name=iphonexs_silver.jpg&wh=max HTTP/1.1" 200 54214 "https://www.zanbil.ir/m/product/33631/64998/%DA%AF%D9%88%D8%B4%DB%8C-%D9%85%D9%88%D8%A8%D8%A7%DB%8C%D9%84-%D8%A7%D9%BE%D9%84-%D9%85%D8%AF%D9%84-iPhone-XS-256GB" "Mozilla/5.0 (Linux; Android 8.0.0; SAMSUNG SM-G950F Build/R16NW) AppleWebKit/537.36 (KHTML, like Gecko) SamsungBrowser/8.2 Chrome/63.0.3239.111 Mobile Safari/537.36" "-"
91.99.72.15 - - [22/Jan/2019:03:57:23 +0330] "GET /product/7073/8523/%D9%85%D8%AE%D9%84%D9%88%D8%B7-%DA%A9%D9%86-%D9%88-%D8%A2%D8%B3%DB%8C%D8%A7%D8%A8-%D9%BE%D8%A7%D9%86%D8%A7%D8%B3%D9%88%D9%86%DB%8C%DA%A9-%D9%85%D8%AF%D9%84-MX-GX1021-W HTTP/1.1" 200 41631 "-" "Mozilla/5.0 (X11; Linux x86_64) AppleWebKit/537.36 (KHTML, like Gecko) Chrome/53.0.2785.92 Safari/537.36" "-"
66.249.66.91 - - [22/Jan/2019:03:57:23 +0330] "GET /filter/b481%2Cb43%2Cb874%2Cb32%2Cb36%2Cb226%2Cb41%2Cb136%2Cb570%2Cb598%2Cb615%2Cb648%2Cb723%2Cb80%2Cb724%2Cb35%2Cb679%2Cb135%2Cb183%2Cb497%2Cb435%2Cb194%2Cb861%2Cb3%2Cb647%2Cb879%2Cb820%2Cb568%2Cb854%2Cb485%2Cb880%2Cb878%2Cb82%2Cb118%2Cb50%2Cb218%2Cb584%2Cb168%2Cb656%2Cb88%2Cb321%2Cb603%2Cb400%2Cb192%2Cb703?page=124 HTTP/1.1" 200 40522 "-" "Mozilla/5.0 (compatible; Googlebot/2.1; +http://www.google.com/bot.html)" "-"
5.78.198.52 - - [22/Jan/2019:03:57:23 +0330] "GET /image/33631?name=iphone-xs-2.jpg&wh=max HTTP/1.1" 200 13419 "https://www.zanbil.ir/m/product/33631/64998/%DA%AF%D9%88%D8%B4%DB%8C-%D9%85%D9%88%D8%A8%D8%A7%DB%8C%D9%84-%D8%A7%D9%BE%D9%84-%D9%85%D8%AF%D9%84-iPhone-XS-256GB" "Mozilla/5.0 (Linux; Android 8.0.0; SAMSUNG SM-G950F Build/R16NW) AppleWebKit/537.36 (KHTML, like Gecko) SamsungBrowser/8.2 Chrome/63.0.3239.111 Mobile Safari/537.36" "-"
66.249.66.197 - - [22/Jan/2019:03:57:23 +0330] "GET /m/filter/b105,b126,b136,b143,b148,b151,b152,b183,b188,b19,b194,b198,b202,b209,b218,b219,b22,b221,b226,b236,b238,b249,b256,b270,b308,b35,b4,b400,b42,b43,b454,b485,b497,b523,b546,b568,b570,b596,b597,b6,b645,b647,b648,b651,b701,b703,b723,b74,b80,b82,b820,b874,b877,b88,b883,b890,b900,b903,b95,b99 HTTP/1.1" 200 27516 "-" "Mozilla/5.0 (Linux; Android 6.0.1; Nexus 5X Build/MMB29P) AppleWebKit/537.36 (KHTML, like Gecko) Chrome/41.0.2272.96 Mobile Safari/537.36 (compatible; Googlebot/2.1; +http://www.google.com/bot.html)" "-"
5.209.200.218 - - [22/Jan/2019:03:57:24 +0330] "GET /settings/logo HTTP/1.1" 200 4120 "https://www.zanbil.ir/m/filter/b99%2Cp4510%2Cstexists" "Mozilla/5.0 (Linux; Android 5.1.1; SM-G361H Build/LMY48B) AppleWebKit/537.36 (KHTML, like Gecko) Chrome/55.0.2883.91 Mobile Safari/537.36" "-"
5.209.200.218 - - [22/Jan/2019:03:57:24 +0330] "GET /image/64092/productModel/200x200 HTTP/1.1" 200 2815 "https://www.zanbil.ir/m/filter/b99%2Cp4510%2Cstexists" "Mozilla/5.0 (Linux; Android 5.1.1; SM-G361H Build/LMY48B) AppleWebKit/537.36 (KHTML, like Gecko) Chrome/55.0.2883.91 Mobile Safari/537.36" "-"
5.209.200.218 - - [22/Jan/2019:03:57:24 +0330] "GET /image/62392/productModel/200x200 HTTP/1.1" 200 2204 "https://www.zanbil.ir/m/filter/b99%2Cp4510%2Cstexists" "Mozilla/5.0 (Linux; Android 5.1.1; SM-G361H Build/LMY48B) AppleWebKit/537.36 (KHTML, like Gecko) Chrome/55.0.2883.91 Mobile Safari/537.36" "-"
91.99.72.15 - - [22/Jan/2019:03:57:24 +0330] "GET /product/13912/23584/%DA%86%D8%A7%DB%8C-%D8%B3%D8%A7%D8%B2-%D9%82%D9%88%D8%B1%DB%8C-%D8%B1%D9%88%DB%8C-%DA%A9%D8%AA%D8%B1%DB%8C-%D9%81%DB%8C%D9%84%DB%8C%D9%BE%D8%B3-%D9%85%D8%AF%D9%84-HD7301 HTTP/1.1" 200 42097 "-" "Mozilla/5.0 (X11; Linux x86_64) AppleWebKit/537.36 (KHTML, like Gecko) Chrome/53.0.2785.92 Safari/537.36" "-"
66.249.66.91 - - [22/Jan/2019:03:57:24 +0330] "GET /image/8904?name=mx-151_spec.jpg&wh=200x200 HTTP/1.1" 200 4869 "-" "Googlebot-Image/1.0" "-"
66.249.66.194 - - [22/Jan/2019:03:57:25 +0330] "GET /product/25828 HTTP/1.1" 302 0 "-" "Mozilla/5.0 (Linux; Android 6.0.1; Nexus 5X Build/MMB29P) AppleWebKit/537.36 (KHTML, like Gecko) Chrome/41.0.2272.96 Mobile Safari/537.36 (compatible; Googlebot/2.1; +http://www.google.com/bot.html)" "-"
5.209.200.218 - - [22/Jan/2019:03:57:25 +0330] "GET /image/131/brand HTTP/1.1" 200 2599 "https://www.zanbil.ir/m/filter/b99%2Cp4510%2Cstexists" "Mozilla/5.0 (Linux; Android 5.1.1; SM-G361H Build/LMY48B) AppleWebKit/537.36 (KHTML, like Gecko) Chrome/55.0.2883.91 Mobile Safari/537.36" "-"
91.99.72.15 - - [22/Jan/2019:03:57:25 +0330] "GET /product/4031/20/%D8%B3%DB%8C%D9%86%DA%A9-%D8%B8%D8%B1%D9%81%D8%B4%D9%88%DB%8C%DB%8C-%D8%AA%D9%88%DA%A9%D8%A7%D8%B1-%D9%84%D8%AA%D9%88-%D9%85%D8%AF%D9%84-TX-3 HTTP/1.1" 200 42703 "-" "Mozilla/5.0 (X11; Linux x86_64) AppleWebKit/537.36 (KHTML, like Gecko) Chrome/53.0.2785.92 Safari/537.36" "-"
5.112.52.254 - - [22/Jan/2019:03:57:25 +0330] "GET /image/31790?name=sxp450_11.jpg&wh=200x200 HTTP/1.1" 200 3819 "-" "Dalvik/2.1.0 (Linux; U; Android 8.1.0; SM-J530F Build/M1AJQ)" "-"
5.78.198.52 - - [22/Jan/2019:03:57:25 +0330] "POST /m/updateVariation?__amp_source_origin=https%3A%2F%2Fwww.zanbil.ir HTTP/1.1" 200 140 "https://www.zanbil.ir/m/product/33631/64998/%DA%AF%D9%88%D8%B4%DB%8C-%D9%85%D9%88%D8%A8%D8%A7%DB%8C%D9%84-%D8%A7%D9%BE%D9%84-%D9%85%D8%AF%D9%84-iPhone-XS-256GB" "Mozilla/5.0 (Linux; Android 8.0.0; SAMSUNG SM-G950F Build/R16NW) AppleWebKit/537.36 (KHTML, like Gecko) SamsungBrowser/8.2 Chrome/63.0.3239.111 Mobile Safari/537.36" "-"
66.249.66.194 - - [22/Jan/2019:03:57:25 +0330] "GET /m/product/25828 HTTP/1.1" 404 33613 "-" "Mozilla/5.0 (Linux; Android 6.0.1; Nexus 5X Build/MMB29P) AppleWebKit/537.36 (KHTML, like Gecko) Chrome/41.0.2272.96 Mobile Safari/537.36 (compatible; Googlebot/2.1; +http://www.google.com/bot.html)" "-"
207.46.13.104 - - [22/Jan/2019:03:57:26 +0330] "GET /product/6428?model=7442 HTTP/1.1" 200 44433 "-" "Mozilla/5.0 (compatible; bingbot/2.0; +http://www.bing.com/bingbot.htm)" "-"
54.36.149.84 - - [22/Jan/2019:03:57:26 +0330] "GET /filter/b400,p5686,stnot-exists,v1|%D8%B3%D9%81%DB%8C%D8%AF. HTTP/1.1" 200 31430 "-" "Mozilla/5.0 (compatible; AhrefsBot/6.1; +http://ahrefs.com/robot/)" "-"
66.249.66.91 - - [22/Jan/2019:03:57:26 +0330] "GET /image/60476/productModel/150x150 HTTP/1.1" 200 3045 "-" "Googlebot-Image/1.0" "-"
5.78.198.52 - - [22/Jan/2019:03:57:26 +0330] "POST /m/updateVariation?__amp_source_origin=https%3A%2F%2Fwww.zanbil.ir HTTP/1.1" 200 140 "https://www.zanbil.ir/m/product/33631/64998/%DA%AF%D9%88%D8%B4%DB%8C-%D9%85%D9%88%D8%A8%D8%A7%DB%8C%D9%84-%D8%A7%D9%BE%D9%84-%D9%85%D8%AF%D9%84-iPhone-XS-256GB" "Mozilla/5.0 (Linux; Android 8.0.0; SAMSUNG SM-G950F Build/R16NW) AppleWebKit/537.36 (KHTML, like Gecko) SamsungBrowser/8.2 Chrome/63.0.3239.111 Mobile Safari/537.36" "-"
5.209.200.218 - - [22/Jan/2019:03:57:26 +0330] "GET /image/879/brand HTTP/1.1" 200 3348 "https://www.zanbil.ir/m/filter/b99%2Cp4510%2Cstexists" "Mozilla/5.0 (Linux; Android 5.1.1; SM-G361H Build/LMY48B) AppleWebKit/537.36 (KHTML, like Gecko) Chrome/55.0.2883.91 Mobile Safari/537.36" "-"
5.209.200.218 - - [22/Jan/2019:03:57:26 +0330] "GET /image/878/brand HTTP/1.1" 200 4300 "https://www.zanbil.ir/m/filter/b99%2Cp4510%2Cstexists" "Mozilla/5.0 (Linux; Android 5.1.1; SM-G361H Build/LMY48B) AppleWebKit/537.36 (KHTML, like Gecko) Chrome/55.0.2883.91 Mobile Safari/537.36" "-"
5.78.198.52 - - [22/Jan/2019:03:57:27 +0330] "POST /m/updateVariation?__amp_source_origin=https%3A%2F%2Fwww.zanbil.ir HTTP/1.1" 200 140 "https://www.zanbil.ir/m/product/33631/64998/%DA%AF%D9%88%D8%B4%DB%8C-%D9%85%D9%88%D8%A8%D8%A7%DB%8C%D9%84-%D8%A7%D9%BE%D9%84-%D9%85%D8%AF%D9%84-iPhone-XS-256GB" "Mozilla/5.0 (Linux; Android 8.0.0; SAMSUNG SM-G950F Build/R16NW) AppleWebKit/537.36 (KHTML, like Gecko) SamsungBrowser/8.2 Chrome/63.0.3239.111 Mobile Safari/537.36" "-"
91.99.72.15 - - [22/Jan/2019:03:57:27 +0330] "GET /product/30275/59941/%D8%B9%D8%B7%D8%B1-%D9%88-%D8%A7%D8%AF%DA%A9%D9%84%D9%86-%D9%85%D8%B1%D8%AF%D8%A7%D9%86%D9%87-%D9%87%D9%88%DA%AF%D9%88-%D8%A8%D8%A7%D8%B3-%D9%85%D8%AF%D9%84-Boss-Bottled-Night HTTP/1.1" 200 43054 "-" "Mozilla/5.0 (Windows NT 6.2; Win64; x64; rv:16.0)Gecko/16.0 Firefox/16.0" "-"
207.46.13.136 - - [22/Jan/2019:03:57:27 +0330] "GET /product/21588?model=46117 HTTP/1.1" 200 42110 "-" "Mozilla/5.0 (compatible; bingbot/2.0; +http://www.bing.com/bingbot.htm)" "-"
216.244.66.248 - - [22/Jan/2019:03:57:28 +0330] "GET /robots.txt HTTP/1.1" 301 178 "-" "Mozilla/5.0 (compatible; DotBot/1.1; http://www.opensiteexplorer.org/dotbot, help@moz.com)" "-"
31.56.96.51 - - [22/Jan/2019:03:57:28 +0330] "GET /m/browse/cell-phone/%DA%AF%D9%88%D8%B4%DB%8C-%D9%85%D9%88%D8%A8%D8%A7%DB%8C%D9%84 HTTP/1.1" 200 19003 "https://www.zanbil.ir/m/filter/b113?page=1" "Mozilla/5.0 (Linux; Android 6.0; ALE-L21 Build/HuaweiALE-L21) AppleWebKit/537.36 (KHTML, like Gecko) Chrome/66.0.3359.158 Mobile Safari/537.36" "-"
66.249.66.91 - - [22/Jan/2019:03:57:29 +0330] "GET /product/28881/57891/%D8%B5%D9%86%D8%AF%D9%84%DB%8C-%DA%86%D9%87%D8%A7%D8%B1%D9%BE%D8%A7%DB%8C%D9%87-%D9%86%DB%8C%D9%84%D9%BE%D8%B1-%D9%85%D8%AF%D9%84-SH505X HTTP/1.1" 200 41716 "-" "Mozilla/5.0 (compatible; Googlebot/2.1; +http://www.google.com/bot.html)" "-"
207.46.13.104 - - [22/Jan/2019:03:57:29 +0330] "GET /filter/b1,b185,b36,b454,b878 HTTP/1.1" 200 38086 "-" "Mozilla/5.0 (compatible; bingbot/2.0; +http://www.bing.com/bingbot.htm)" "-"
216.244.66.248 - - [22/Jan/2019:03:57:30 +0330] "GET /robots.txt HTTP/1.1" 200 64 "-" "Mozilla/5.0 (compatible; DotBot/1.1; http://www.opensiteexplorer.org/dotbot, help@moz.com)" "-"
31.56.96.51 - - [22/Jan/2019:03:57:30 +0330] "GET /settings/logo HTTP/1.1" 200 4120 "https://www.zanbil.ir/m/browse/cell-phone/%DA%AF%D9%88%D8%B4%DB%8C-%D9%85%D9%88%D8%A8%D8%A7%DB%8C%D9%84" "Mozilla/5.0 (Linux; Android 6.0; ALE-L21 Build/HuaweiALE-L21) AppleWebKit/537.36 (KHTML, like Gecko) Chrome/66.0.3359.158 Mobile Safari/537.36" "-"
207.46.13.136 - - [22/Jan/2019:03:57:30 +0330] "GET /filter/b135,b186,b617 HTTP/1.1" 200 37208 "-" "Mozilla/5.0 (compatible; bingbot/2.0; +http://www.bing.com/bingbot.htm)" "-"
31.56.96.51 - - [22/Jan/2019:03:57:30 +0330] "GET /image/65019/productModel/200x200 HTTP/1.1" 200 7692 "https://www.zanbil.ir/m/browse/cell-phone/%DA%AF%D9%88%D8%B4%DB%8C-%D9%85%D9%88%D8%A8%D8%A7%DB%8C%D9%84" "Mozilla/5.0 (Linux; Android 6.0; ALE-L21 Build/HuaweiALE-L21) AppleWebKit/537.36 (KHTML, like Gecko) Chrome/66.0.3359.158 Mobile Safari/537.36" "-"
31.56.96.51 - - [22/Jan/2019:03:57:30 +0330] "GET /image/64756/productModel/200x200 HTTP/1.1" 200 5384 "https://www.zanbil.ir/m/browse/cell-phone/%DA%AF%D9%88%D8%B4%DB%8C-%D9%85%D9%88%D8%A8%D8%A7%DB%8C%D9%84" "Mozilla/5.0 (Linux; Android 6.0; ALE-L21 Build/HuaweiALE-L21) AppleWebKit/537.36 (KHTML, like Gecko) Chrome/66.0.3359.158 Mobile Safari/537.36" "-"
31.56.96.51 - - [22/Jan/2019:03:57:30 +0330] "GET /image/64994/productModel/200x200 HTTP/1.1" 200 7663 "https://www.zanbil.ir/m/browse/cell-phone/%DA%AF%D9%88%D8%B4%DB%8C-%D9%85%D9%88%D8%A8%D8%A7%DB%8C%D9%84" "Mozilla/5.0 (Linux; Android 6.0; ALE-L21 Build/HuaweiALE-L21) AppleWebKit/537.36 (KHTML, like Gecko) Chrome/66.0.3359.158 Mobile Safari/537.36" "-"
31.56.96.51 - - [22/Jan/2019:03:57:30 +0330] "GET /image/65007/productModel/200x200 HTTP/1.1" 200 8214 "https://www.zanbil.ir/m/browse/cell-phone/%DA%AF%D9%88%D8%B4%DB%8C-%D9%85%D9%88%D8%A8%D8%A7%DB%8C%D9%84" "Mozilla/5.0 (Linux; Android 6.0; ALE-L21 Build/HuaweiALE-L21) AppleWebKit/537.36 (KHTML, like Gecko) Chrome/66.0.3359.158 Mobile Safari/537.36" "-"
31.56.96.51 - - [22/Jan/2019:03:57:30 +0330] "GET /image/65134/productModel/200x200 HTTP/1.1" 200 5969 "https://www.zanbil.ir/m/browse/cell-phone/%DA%AF%D9%88%D8%B4%DB%8C-%D9%85%D9%88%D8%A8%D8%A7%DB%8C%D9%84" "Mozilla/5.0 (Linux; Android 6.0; ALE-L21 Build/HuaweiALE-L21) AppleWebKit/537.36 (KHTML, like Gecko) Chrome/66.0.3359.158 Mobile Safari/537.36" "-"
31.56.96.51 - - [22/Jan/2019:03:57:30 +0330] "GET /image/65124/productModel/200x200 HTTP/1.1" 200 4421 "https://www.zanbil.ir/m/browse/cell-phone/%DA%AF%D9%88%D8%B4%DB%8C-%D9%85%D9%88%D8%A8%D8%A7%DB%8C%D9%84" "Mozilla/5.0 (Linux; Android 6.0; ALE-L21 Build/HuaweiALE-L21) AppleWebKit/537.36 (KHTML, like Gecko) Chrome/66.0.3359.158 Mobile Safari/537.36" "-"
66.249.66.91 - - [22/Jan/2019:03:57:31 +0330] "GET /filter/b656%2Cb703%2Cb32%2Cb67%2Cb226%2Cb41%2Cb598%2Cb168%2Cb723%2Cb597%2Cb88%2Cb548%2Cb6%2Cb679%2Cb215%2Cb105%2Cb194%2Cb74%2Cb542%2Cb35%2Cb113%2Cb820%2Cb574%2Cb442%2Cb880%2Cb645%2Cb724%2Cb118%2Cb482%2Cb400%2Cb95%2Cb135%2Cb249%2Cb435%2Cb221%2Cb523%2Cb854%2Cb126%2Cstexists%2Cb216%2Cb217%2Cb152%2Cb99%2Cb188%2Cb209%2Cb192%2Cb213%2Cb136%2Cb218%2Cb4%2Cb546?page=2 HTTP/1.1" 200 40965 "-" "Mozilla/5.0 (compatible; Googlebot/2.1; +http://www.google.com/bot.html)" "-"
207.46.13.136 - - [22/Jan/2019:03:57:31 +0330] "GET /image/32352?name=7980.jpg&wh=max HTTP/1.1" 200 174758 "-" "Mozilla/5.0 (compatible; bingbot/2.0; +http://www.bing.com/bingbot.htm)" "-"
66.249.66.91 - - [22/Jan/2019:03:57:31 +0330] "GET /filter/b656%2Cb703%2Cb32%2Cb67%2Cb226%2Cb41%2Cb598%2Cb168%2Cb723%2Cb597%2Cb88%2Cb548%2Cb6%2Cb679%2Cb215%2Cb105%2Cb194%2Cb74%2Cb542%2Cb35%2Cb113%2Cb820%2Cb574%2Cb442%2Cb880%2Cb645%2Cb724%2Cb118%2Cb482%2Cb400%2Cb95%2Cb135%2Cb249%2Cb435%2Cb221%2Cb523%2Cb854%2Cb126%2Cstexists%2Cb216%2Cb217%2Cb152%2Cb99%2Cb188%2Cb209%2Cb192%2Cb213%2Cb136%2Cb218%2Cb4%2Cb546?page=1 HTTP/1.1" 200 41073 "-" "Mozilla/5.0 (compatible; Googlebot/2.1; +http://www.google.com/bot.html)" "-"
31.56.96.51 - - [22/Jan/2019:03:57:31 +0330] "GET /image/2/brand HTTP/1.1" 200 4842 "https://www.zanbil.ir/m/browse/cell-phone/%DA%AF%D9%88%D8%B4%DB%8C-%D9%85%D9%88%D8%A8%D8%A7%DB%8C%D9%84" "Mozilla/5.0 (Linux; Android 6.0; ALE-L21 Build/HuaweiALE-L21) AppleWebKit/537.36 (KHTML, like Gecko) Chrome/66.0.3359.158 Mobile Safari/537.36" "-"
31.56.96.51 - - [22/Jan/2019:03:57:31 +0330] "GET /image/5/brand HTTP/1.1" 200 2171 "https://www.zanbil.ir/m/browse/cell-phone/%DA%AF%D9%88%D8%B4%DB%8C-%D9%85%D9%88%D8%A8%D8%A7%DB%8C%D9%84" "Mozilla/5.0 (Linux; Android 6.0; ALE-L21 Build/HuaweiALE-L21) AppleWebKit/537.36 (KHTML, like Gecko) Chrome/66.0.3359.158 Mobile Safari/537.36" "-"
31.56.96.51 - - [22/Jan/2019:03:57:31 +0330] "GET /image/64784/productModel/200x200 HTTP/1.1" 200 5348 "https://www.zanbil.ir/m/browse/cell-phone/%DA%AF%D9%88%D8%B4%DB%8C-%D9%85%D9%88%D8%A8%D8%A7%DB%8C%D9%84" "Mozilla/5.0 (Linux; Android 6.0; ALE-L21 Build/HuaweiALE-L21) AppleWebKit/537.36 (KHTML, like Gecko) Chrome/66.0.3359.158 Mobile Safari/537.36" "-"
31.56.96.51 - - [22/Jan/2019:03:57:31 +0330] "GET /image/65274/productModel/200x200 HTTP/1.1" 200 4328 "https://www.zanbil.ir/m/browse/cell-phone/%DA%AF%D9%88%D8%B4%DB%8C-%D9%85%D9%88%D8%A8%D8%A7%DB%8C%D9%84" "Mozilla/5.0 (Linux; Android 6.0; ALE-L21 Build/HuaweiALE-L21) AppleWebKit/537.36 (KHTML, like Gecko) Chrome/66.0.3359.158 Mobile Safari/537.36" "-"
204.18.198.248 - - [22/Jan/2019:03:57:31 +0330] "GET /m/browse/citrus-only-juicer/%D8%A2%D8%A8-%D9%BE%D8%B1%D8%AA%D9%82%D8%A7%D9%84-%DA%AF%DB%8C%D8%B1%DB%8C HTTP/1.1" 200 19072 "https://www.zanbil.ir/m/product/30782/60550/%DA%A9%D8%AA%D8%B1%DB%8C-%D8%A8%D8%B1%D9%82%DB%8C-%DA%AF%D8%A7%D8%B3%D8%AA%D8%B1%D9%88%D8%A8%DA%A9-%D9%85%D8%AF%D9%84-42420" "Mozilla/5.0 (iPhone; CPU iPhone OS 12_1 like Mac OS X) AppleWebKit/605.1.15 (KHTML, like Gecko) Version/12.0 Mobile/15E148 Safari/604.1" "-"
31.56.96.51 - - [22/Jan/2019:03:57:31 +0330] "GET /image/764/mainSlideMobile HTTP/1.1" 200 61680 "https://www.zanbil.ir/m/browse/cell-phone/%DA%AF%D9%88%D8%B4%DB%8C-%D9%85%D9%88%D8%A8%D8%A7%DB%8C%D9%84" "Mozilla/5.0 (Linux; Android 6.0; ALE-L21 Build/HuaweiALE-L21) AppleWebKit/537.36 (KHTML, like Gecko) Chrome/66.0.3359.158 Mobile Safari/537.36" "-"
204.18.198.248 - - [22/Jan/2019:03:57:32 +0330] "GET /settings/logo HTTP/1.1" 200 4120 "https://www.zanbil.ir/m/browse/citrus-only-juicer/%D8%A2%D8%A8-%D9%BE%D8%B1%D8%AA%D9%82%D8%A7%D9%84-%DA%AF%DB%8C%D8%B1%DB%8C" "Mozilla/5.0 (iPhone; CPU iPhone OS 12_1 like Mac OS X) AppleWebKit/605.1.15 (KHTML, like Gecko) Version/12.0 Mobile/15E148 Safari/604.1" "-"
31.56.96.51 - - [22/Jan/2019:03:57:32 +0330] "GET /image/1/brand HTTP/1.1" 200 3924 "https://www.zanbil.ir/m/browse/cell-phone/%DA%AF%D9%88%D8%B4%DB%8C-%D9%85%D9%88%D8%A8%D8%A7%DB%8C%D9%84" "Mozilla/5.0 (Linux; Android 6.0; ALE-L21 Build/HuaweiALE-L21) AppleWebKit/537.36 (KHTML, like Gecko) Chrome/66.0.3359.158 Mobile Safari/537.36" "-"
204.18.198.248 - - [22/Jan/2019:03:57:32 +0330] "GET /image/59527/productModel/200x200 HTTP/1.1" 200 3425 "https://www.zanbil.ir/m/browse/citrus-only-juicer/%D8%A2%D8%A8-%D9%BE%D8%B1%D8%AA%D9%82%D8%A7%D9%84-%DA%AF%DB%8C%D8%B1%DB%8C" "Mozilla/5.0 (iPhone; CPU iPhone OS 12_1 like Mac OS X) AppleWebKit/605.1.15 (KHTML, like Gecko) Version/12.0 Mobile/15E148 Safari/604.1" "-"
66.249.66.91 - - [22/Jan/2019:03:57:32 +0330] "GET /filter/b656%2Cb703%2Cb32%2Cb67%2Cb226%2Cb41%2Cb598%2Cb168%2Cb723%2Cb597%2Cb88%2Cb548%2Cb6%2Cb679%2Cb215%2Cb105%2Cb194%2Cb74%2Cb542%2Cb35%2Cb113%2Cb820%2Cb574%2Cb442%2Cb880%2Cb645%2Cb724%2Cb118%2Cb482%2Cb400%2Cb95%2Cb135%2Cb249%2Cb435%2Cb221%2Cb523%2Cb854%2Cb126%2Cstexists%2Cb216%2Cb217%2Cb152%2Cb99%2Cb188%2Cb209%2Cb192%2Cb213%2Cb136%2Cb218%2Cb4%2Cb648%2Cb454%2Cp11640?page=1 HTTP/1.1" 200 31916 "-" "Mozilla/5.0 (compatible; Googlebot/2.1; +http://www.google.com/bot.html)" "-"
204.18.198.248 - - [22/Jan/2019:03:57:32 +0330] "GET /image/63014/productModel/200x200 HTTP/1.1" 200 5986 "https://www.zanbil.ir/m/browse/citrus-only-juicer/%D8%A2%D8%A8-%D9%BE%D8%B1%D8%AA%D9%82%D8%A7%D9%84-%DA%AF%DB%8C%D8%B1%DB%8C" "Mozilla/5.0 (iPhone; CPU iPhone OS 12_1 like Mac OS X) AppleWebKit/605.1.15 (KHTML, like Gecko) Version/12.0 Mobile/15E148 Safari/604.1" "-"
204.18.198.248 - - [22/Jan/2019:03:57:32 +0330] "GET /image/60661/productModel/200x200 HTTP/1.1" 200 5666 "https://www.zanbil.ir/m/browse/citrus-only-juicer/%D8%A2%D8%A8-%D9%BE%D8%B1%D8%AA%D9%82%D8%A7%D9%84-%DA%AF%DB%8C%D8%B1%DB%8C" "Mozilla/5.0 (iPhone; CPU iPhone OS 12_1 like Mac OS X) AppleWebKit/605.1.15 (KHTML, like Gecko) Version/12.0 Mobile/15E148 Safari/604.1" "-"
204.18.198.248 - - [22/Jan/2019:03:57:32 +0330] "GET /image/62379/productModel/200x200 HTTP/1.1" 200 4808 "https://www.zanbil.ir/m/browse/citrus-only-juicer/%D8%A2%D8%A8-%D9%BE%D8%B1%D8%AA%D9%82%D8%A7%D9%84-%DA%AF%DB%8C%D8%B1%DB%8C" "Mozilla/5.0 (iPhone; CPU iPhone OS 12_1 like Mac OS X) AppleWebKit/605.1.15 (KHTML, like Gecko) Version/12.0 Mobile/15E148 Safari/604.1" "-"
204.18.198.248 - - [22/Jan/2019:03:57:32 +0330] "GET /image/6404/productModel/200x200 HTTP/1.1" 200 3852 "https://www.zanbil.ir/m/browse/citrus-only-juicer/%D8%A2%D8%A8-%D9%BE%D8%B1%D8%AA%D9%82%D8%A7%D9%84-%DA%AF%DB%8C%D8%B1%DB%8C" "Mozilla/5.0 (iPhone; CPU iPhone OS 12_1 like Mac OS X) AppleWebKit/605.1.15 (KHTML, like Gecko) Version/12.0 Mobile/15E148 Safari/604.1" "-"
204.18.198.248 - - [22/Jan/2019:03:57:32 +0330] "GET /image/60660/productModel/200x200 HTTP/1.1" 200 6355 "https://www.zanbil.ir/m/browse/citrus-only-juicer/%D8%A2%D8%A8-%D9%BE%D8%B1%D8%AA%D9%82%D8%A7%D9%84-%DA%AF%DB%8C%D8%B1%DB%8C" "Mozilla/5.0 (iPhone; CPU iPhone OS 12_1 like Mac OS X) AppleWebKit/605.1.15 (KHTML, like Gecko) Version/12.0 Mobile/15E148 Safari/604.1" "-"
204.18.198.248 - - [22/Jan/2019:03:57:32 +0330] "GET /image/62016/productModel/200x200 HTTP/1.1" 200 5533 "https://www.zanbil.ir/m/browse/citrus-only-juicer/%D8%A2%D8%A8-%D9%BE%D8%B1%D8%AA%D9%82%D8%A7%D9%84-%DA%AF%DB%8C%D8%B1%DB%8C" "Mozilla/5.0 (iPhone; CPU iPhone OS 12_1 like Mac OS X) AppleWebKit/605.1.15 (KHTML, like Gecko) Version/12.0 Mobile/15E148 Safari/604.1" "-"
204.18.198.248 - - [22/Jan/2019:03:57:32 +0330] "GET /image/62381/productModel/200x200 HTTP/1.1" 200 5989 "https://www.zanbil.ir/m/browse/citrus-only-juicer/%D8%A2%D8%A8-%D9%BE%D8%B1%D8%AA%D9%82%D8%A7%D9%84-%DA%AF%DB%8C%D8%B1%DB%8C" "Mozilla/5.0 (iPhone; CPU iPhone OS 12_1 like Mac OS X) AppleWebKit/605.1.15 (KHTML, like Gecko) Version/12.0 Mobile/15E148 Safari/604.1" "-"
204.18.198.248 - - [22/Jan/2019:03:57:32 +0330] "GET /image/11568/productModel/200x200 HTTP/1.1" 200 3946 "https://www.zanbil.ir/m/browse/citrus-only-juicer/%D8%A2%D8%A8-%D9%BE%D8%B1%D8%AA%D9%82%D8%A7%D9%84-%DA%AF%DB%8C%D8%B1%DB%8C" "Mozilla/5.0 (iPhone; CPU iPhone OS 12_1 like Mac OS X) AppleWebKit/605.1.15 (KHTML, like Gecko) Version/12.0 Mobile/15E148 Safari/604.1" "-"
204.18.198.248 - - [22/Jan/2019:03:57:32 +0330] "GET /image/63871/productModel/200x200 HTTP/1.1" 200 5574 "https://www.zanbil.ir/m/browse/citrus-only-juicer/%D8%A2%D8%A8-%D9%BE%D8%B1%D8%AA%D9%82%D8%A7%D9%84-%DA%AF%DB%8C%D8%B1%DB%8C" "Mozilla/5.0 (iPhone; CPU iPhone OS 12_1 like Mac OS X) AppleWebKit/605.1.15 (KHTML, like Gecko) Version/12.0 Mobile/15E148 Safari/604.1" "-"
207.46.13.104 - - [22/Jan/2019:03:57:33 +0330] "GET /filter/b136%2Cb249%2Cb50%2Cb741%2Cb80%2Cb2 HTTP/1.1" 200 37698 "-" "Mozilla/5.0 (compatible; bingbot/2.0; +http://www.bing.com/bingbot.htm)" "-"
5.78.198.52 - - [22/Jan/2019:03:57:33 +0330] "GET /image/64997/productModel/150x150 HTTP/1.1" 200 5008 "https://www.zanbil.ir/m/product/33631/64998/%DA%AF%D9%88%D8%B4%DB%8C-%D9%85%D9%88%D8%A8%D8%A7%DB%8C%D9%84-%D8%A7%D9%BE%D9%84-%D9%85%D8%AF%D9%84-iPhone-XS-256GB" "Mozilla/5.0 (Linux; Android 8.0.0; SAMSUNG SM-G950F Build/R16NW) AppleWebKit/537.36 (KHTML, like Gecko) SamsungBrowser/8.2 Chrome/63.0.3239.111 Mobile Safari/537.36" "-"
5.78.198.52 - - [22/Jan/2019:03:57:33 +0330] "GET /image/64994/productModel/150x150 HTTP/1.1" 200 4921 "https://www.zanbil.ir/m/product/33631/64998/%DA%AF%D9%88%D8%B4%DB%8C-%D9%85%D9%88%D8%A8%D8%A7%DB%8C%D9%84-%D8%A7%D9%BE%D9%84-%D9%85%D8%AF%D9%84-iPhone-XS-256GB" "Mozilla/5.0 (Linux; Android 8.0.0; SAMSUNG SM-G950F Build/R16NW) AppleWebKit/537.36 (KHTML, like Gecko) SamsungBrowser/8.2 Chrome/63.0.3239.111 Mobile Safari/537.36" "-"
5.78.198.52 - - [22/Jan/2019:03:57:33 +0330] "GET /image/64995/productModel/150x150 HTTP/1.1" 200 4997 "https://www.zanbil.ir/m/product/33631/64998/%DA%AF%D9%88%D8%B4%DB%8C-%D9%85%D9%88%D8%A8%D8%A7%DB%8C%D9%84-%D8%A7%D9%BE%D9%84-%D9%85%D8%AF%D9%84-iPhone-XS-256GB" "Mozilla/5.0 (Linux; Android 8.0.0; SAMSUNG SM-G950F Build/R16NW) AppleWebKit/537.36 (KHTML, like Gecko) SamsungBrowser/8.2 Chrome/63.0.3239.111 Mobile Safari/537.36" "-"
54.36.149.105 - - [22/Jan/2019:03:57:33 +0330] "GET /filter/b1,b105,b2,b74,p4515 HTTP/1.1" 200 35598 "-" "Mozilla/5.0 (compatible; AhrefsBot/6.1; +http://ahrefs.com/robot/)" "-"
